Component: Arm Compiler for Embedded 6.24 Tool: armlink [5f371500]

==============================================================================

Section Cross References

    stm32f4xx_nucleo_144.o(.ARM.exidx.text.BSP_GetVersion) refers to stm32f4xx_nucleo_144.o(.text.BSP_GetVersion) for [Anonymous Symbol]
    stm32f4xx_nucleo_144.o(.text.BSP_LED_Init) refers to stm32f4xx_nucleo_144.o(.rodata.GPIO_PIN) for GPIO_PIN
    stm32f4xx_nucleo_144.o(.text.BSP_LED_Init) refers to stm32f4xx_nucleo_144.o(.data.GPIO_PORT) for GPIO_PORT
    stm32f4xx_nucleo_144.o(.text.BSP_LED_Init) refers to stm32f4xx_hal_gpio.o(.text.HAL_GPIO_Init) for HAL_GPIO_Init
    stm32f4xx_nucleo_144.o(.text.BSP_LED_Init) refers to stm32f4xx_hal_gpio.o(.text.HAL_GPIO_WritePin) for HAL_GPIO_WritePin
    stm32f4xx_nucleo_144.o(.ARM.exidx.text.BSP_LED_Init) refers to stm32f4xx_nucleo_144.o(.text.BSP_LED_Init) for [Anonymous Symbol]
    stm32f4xx_nucleo_144.o(.text.BSP_LED_DeInit) refers to stm32f4xx_nucleo_144.o(.data.GPIO_PORT) for GPIO_PORT
    stm32f4xx_nucleo_144.o(.text.BSP_LED_DeInit) refers to stm32f4xx_nucleo_144.o(.rodata.GPIO_PIN) for GPIO_PIN
    stm32f4xx_nucleo_144.o(.text.BSP_LED_DeInit) refers to stm32f4xx_hal_gpio.o(.text.HAL_GPIO_WritePin) for HAL_GPIO_WritePin
    stm32f4xx_nucleo_144.o(.text.BSP_LED_DeInit) refers to stm32f4xx_hal_gpio.o(.text.HAL_GPIO_DeInit) for HAL_GPIO_DeInit
    stm32f4xx_nucleo_144.o(.ARM.exidx.text.BSP_LED_DeInit) refers to stm32f4xx_nucleo_144.o(.text.BSP_LED_DeInit) for [Anonymous Symbol]
    stm32f4xx_nucleo_144.o(.text.BSP_LED_On) refers to stm32f4xx_nucleo_144.o(.data.GPIO_PORT) for GPIO_PORT
    stm32f4xx_nucleo_144.o(.text.BSP_LED_On) refers to stm32f4xx_nucleo_144.o(.rodata.GPIO_PIN) for GPIO_PIN
    stm32f4xx_nucleo_144.o(.text.BSP_LED_On) refers to stm32f4xx_hal_gpio.o(.text.HAL_GPIO_WritePin) for HAL_GPIO_WritePin
    stm32f4xx_nucleo_144.o(.ARM.exidx.text.BSP_LED_On) refers to stm32f4xx_nucleo_144.o(.text.BSP_LED_On) for [Anonymous Symbol]
    stm32f4xx_nucleo_144.o(.text.BSP_LED_Off) refers to stm32f4xx_nucleo_144.o(.data.GPIO_PORT) for GPIO_PORT
    stm32f4xx_nucleo_144.o(.text.BSP_LED_Off) refers to stm32f4xx_nucleo_144.o(.rodata.GPIO_PIN) for GPIO_PIN
    stm32f4xx_nucleo_144.o(.text.BSP_LED_Off) refers to stm32f4xx_hal_gpio.o(.text.HAL_GPIO_WritePin) for HAL_GPIO_WritePin
    stm32f4xx_nucleo_144.o(.ARM.exidx.text.BSP_LED_Off) refers to stm32f4xx_nucleo_144.o(.text.BSP_LED_Off) for [Anonymous Symbol]
    stm32f4xx_nucleo_144.o(.text.BSP_LED_Toggle) refers to stm32f4xx_nucleo_144.o(.data.GPIO_PORT) for GPIO_PORT
    stm32f4xx_nucleo_144.o(.text.BSP_LED_Toggle) refers to stm32f4xx_nucleo_144.o(.rodata.GPIO_PIN) for GPIO_PIN
    stm32f4xx_nucleo_144.o(.text.BSP_LED_Toggle) refers to stm32f4xx_hal_gpio.o(.text.HAL_GPIO_TogglePin) for HAL_GPIO_TogglePin
    stm32f4xx_nucleo_144.o(.ARM.exidx.text.BSP_LED_Toggle) refers to stm32f4xx_nucleo_144.o(.text.BSP_LED_Toggle) for [Anonymous Symbol]
    stm32f4xx_nucleo_144.o(.text.BSP_PB_Init) refers to stm32f4xx_nucleo_144.o(.rodata.BUTTON_PIN) for BUTTON_PIN
    stm32f4xx_nucleo_144.o(.text.BSP_PB_Init) refers to stm32f4xx_nucleo_144.o(.data.BUTTON_PORT) for BUTTON_PORT
    stm32f4xx_nucleo_144.o(.text.BSP_PB_Init) refers to stm32f4xx_hal_gpio.o(.text.HAL_GPIO_Init) for HAL_GPIO_Init
    stm32f4xx_nucleo_144.o(.text.BSP_PB_Init) refers to stm32f4xx_nucleo_144.o(.rodata.BUTTON_IRQn) for BUTTON_IRQn
    stm32f4xx_nucleo_144.o(.text.BSP_PB_Init) refers to stm32f4xx_hal_cortex.o(.text.HAL_NVIC_SetPriority) for HAL_NVIC_SetPriority
    stm32f4xx_nucleo_144.o(.text.BSP_PB_Init) refers to stm32f4xx_hal_cortex.o(.text.HAL_NVIC_EnableIRQ) for HAL_NVIC_EnableIRQ
    stm32f4xx_nucleo_144.o(.ARM.exidx.text.BSP_PB_Init) refers to stm32f4xx_nucleo_144.o(.text.BSP_PB_Init) for [Anonymous Symbol]
    stm32f4xx_nucleo_144.o(.text.BSP_PB_DeInit) refers to stm32f4xx_nucleo_144.o(.rodata.BUTTON_PIN) for BUTTON_PIN
    stm32f4xx_nucleo_144.o(.text.BSP_PB_DeInit) refers to stm32f4xx_nucleo_144.o(.rodata.BUTTON_IRQn) for BUTTON_IRQn
    stm32f4xx_nucleo_144.o(.text.BSP_PB_DeInit) refers to stm32f4xx_hal_cortex.o(.text.HAL_NVIC_DisableIRQ) for HAL_NVIC_DisableIRQ
    stm32f4xx_nucleo_144.o(.text.BSP_PB_DeInit) refers to stm32f4xx_nucleo_144.o(.data.BUTTON_PORT) for BUTTON_PORT
    stm32f4xx_nucleo_144.o(.text.BSP_PB_DeInit) refers to stm32f4xx_hal_gpio.o(.text.HAL_GPIO_DeInit) for HAL_GPIO_DeInit
    stm32f4xx_nucleo_144.o(.ARM.exidx.text.BSP_PB_DeInit) refers to stm32f4xx_nucleo_144.o(.text.BSP_PB_DeInit) for [Anonymous Symbol]
    stm32f4xx_nucleo_144.o(.text.BSP_PB_GetState) refers to stm32f4xx_nucleo_144.o(.data.BUTTON_PORT) for BUTTON_PORT
    stm32f4xx_nucleo_144.o(.text.BSP_PB_GetState) refers to stm32f4xx_nucleo_144.o(.rodata.BUTTON_PIN) for BUTTON_PIN
    stm32f4xx_nucleo_144.o(.text.BSP_PB_GetState) refers to stm32f4xx_hal_gpio.o(.text.HAL_GPIO_ReadPin) for HAL_GPIO_ReadPin
[...]
    netif_config                             0x0800d27d   Thumb Code    98  lwip_interface.o(.text.netif_config)
    netif_get_by_index                       0x0800d475   Thumb Code    84  netif.o(.text.netif_get_by_index)
    netif_init                               0x0800d4c9   Thumb Code     2  netif.o(.text.netif_init)
    netif_set_addr                           0x0800d551   Thumb Code   188  netif.o(.text.netif_set_addr)
    netif_set_default                        0x0800d60d   Thumb Code    30  netif.o(.text.netif_set_default)
    netif_set_down                           0x0800d62d   Thumb Code    96  netif.o(.text.netif_set_down)
    netif_set_up                             0x0800d68d   Thumb Code    82  netif.o(.text.netif_set_up)
    pbuf_add_header                          0x0800d6e1   Thumb Code    22  pbuf.o(.text.pbuf_add_header)
    pbuf_alloc                               0x0800d801   Thumb Code   674  pbuf.o(.text.pbuf_alloc)
    pbuf_alloc_reference                     0x0800daa5   Thumb Code   146  pbuf.o(.text.pbuf_alloc_reference)
    pbuf_alloced_custom                      0x0800db39   Thumb Code   144  pbuf.o(.text.pbuf_alloced_custom)
    pbuf_cat                                 0x0800dbc9   Thumb Code   260  pbuf.o(.text.pbuf_cat)
    pbuf_chain                               0x0800dccd   Thumb Code    26  pbuf.o(.text.pbuf_chain)
    pbuf_clen                                0x0800dce9   Thumb Code    44  pbuf.o(.text.pbuf_clen)
    pbuf_clone                               0x0800dd15   Thumb Code   124  pbuf.o(.text.pbuf_clone)
    pbuf_copy                                0x0800dd91   Thumb Code    52  pbuf.o(.text.pbuf_copy)
    pbuf_copy_partial                        0x0800ddc5   Thumb Code   282  pbuf.o(.text.pbuf_copy_partial)
    pbuf_copy_partial_pbuf                   0x0800dee1   Thumb Code   554  pbuf.o(.text.pbuf_copy_partial_pbuf)
    pbuf_free                                0x0800e10d   Thumb Code   422  pbuf.o(.text.pbuf_free)
    pbuf_header_force                        0x0800e2b5   Thumb Code    26  pbuf.o(.text.pbuf_header_force)
    pbuf_realloc                             0x0800e379   Thumb Code   424  pbuf.o(.text.pbuf_realloc)
    pbuf_ref                                 0x0800e521   Thumb Code    88  pbuf.o(.text.pbuf_ref)
    pbuf_remove_header                       0x0800e579   Thumb Code   188  pbuf.o(.text.pbuf_remove_header)
    printDebugMsg                            0x0800e635   Thumb Code   178  LCD_Debug.o(.text.printDebugMsg)
    stats_init                               0x0800e719   Thumb Code     2  stats.o(.text.stats_init)
    stdinout_init                            0x0800e71d   Thumb Code   174  stdinout_USART.o(.text.stdinout_init)
    sys_check_timeouts                       0x0800e815   Thumb Code   138  timeouts.o(.text.sys_check_timeouts)
    sys_now                                  0x0800e8a1   Thumb Code     8  sys_arch.o(.text.sys_now)
    sys_timeout                              0x0800e8a9   Thumb Code    92  timeouts.o(.text.sys_timeout)
    sys_timeouts_init                        0x0800ea1d   Thumb Code    62  timeouts.o(.text.sys_timeouts_init)
    tcp_abandon                              0x0800ea5d   Thumb Code   430  tcp.o(.text.tcp_abandon)
    tcp_abort                                0x0800ec0d   Thumb Code    18  tcp.o(.text.tcp_abort)
    tcp_alloc                                0x0800ec21   Thumb Code   370  tcp.o(.text.tcp_alloc)
    tcp_close                                0x0800ede1   Thumb Code    72  tcp.o(.text.tcp_close)
    tcp_eff_send_mss_netif                   0x0800f32d   Thumb Code   202  tcp.o(.text.tcp_eff_send_mss_netif)
    tcp_enqueue_flags                        0x0800f3f9   Thumb Code   746  tcp_out.o(.text.tcp_enqueue_flags)
    tcp_fasttmr                              0x0800f6e5   Thumb Code   224  tcp.o(.text.tcp_fasttmr)
    tcp_free                                 0x0800f7c5   Thumb Code    74  tcp.o(.text.tcp_free)
    tcp_init                                 0x0800fa65   Thumb Code     2  tcp.o(.text.tcp_init)
    tcp_input                                0x0800fa69   Thumb Code  2882  tcp_in.o(.text.tcp_input)
    tcp_keepalive                            0x0801064d   Thumb Code   158  tcp_out.o(.text.tcp_keepalive)
    tcp_netif_ip_addr_changed                0x08010bd1   Thumb Code   130  tcp.o(.text.tcp_netif_ip_addr_changed)
    tcp_next_iss                             0x08010ccd   Thumb Code    90  tcp.o(.text.tcp_next_iss)
    tcp_output                               0x08010d29   Thumb Code  1182  tcp_out.o(.text.tcp_output)
    tcp_pcb_purge                            0x08011b15   Thumb Code   142  tcp.o(.text.tcp_pcb_purge)
    tcp_pcb_remove                           0x08011ba5   Thumb Code   398  tcp.o(.text.tcp_pcb_remove)
    tcp_process_refused_data                 0x08012791   Thumb Code   262  tcp.o(.text.tcp_process_refused_data)
    tcp_recv_null                            0x080132d5   Thumb Code    94  tcp.o(.text.tcp_recv_null)
    tcp_recved                               0x08013335   Thumb Code   180  tcp.o(.text.tcp_recved)
    tcp_rexmit                               0x08013459   Thumb Code   246  tcp_out.o(.text.tcp_rexmit)
    tcp_rexmit_fast                          0x08013551   Thumb Code   194  tcp_out.o(.text.tcp_rexmit_fast)
    tcp_rexmit_rto                           0x08013615   Thumb Code    82  tcp_out.o(.text.tcp_rexmit_rto)
    tcp_rexmit_rto_commit                    0x08013669   Thumb Code    96  tcp_out.o(.text.tcp_rexmit_rto_commit)
    tcp_rexmit_rto_prepare                   0x080136c9   Thumb Code   248  tcp_out.o(.text.tcp_rexmit_rto_prepare)
    tcp_rst                                  0x080137f5   Thumb Code    98  tcp_out.o(.text.tcp_rst)
    tcp_rst_netif                            0x08013959   Thumb Code   114  tcp_out.o(.text.tcp_rst_netif)
    tcp_seg_free                             0x080139cd   Thumb Code    44  tcp.o(.text.tcp_seg_free)
    tcp_segs_free                            0x080139f9   Thumb Code    36  tcp.o(.text.tcp_segs_free)
    tcp_send_empty_ack                       0x08013a1d   Thumb Code   246  tcp_out.o(.text.tcp_send_empty_ack)
    tcp_send_fin                             0x08013b15   Thumb Code   182  tcp_out.o(.text.tcp_send_fin)
    tcp_slowtmr                              0x08013bcd   Thumb Code  2124  tcp.o(.text.tcp_slowtmr)
    tcp_split_unsent_seg                     0x08014419   Thumb Code   840  tcp_out.o(.text.tcp_split_unsent_seg)
    tcp_timer_needed                         0x08014761   Thumb Code    76  timeouts.o(.text.tcp_timer_needed)
    tcp_tmr                                  0x080148e9   Thumb Code    34  tcp.o(.text.tcp_tmr)
    tcp_trigger_input_pcb_close              0x0801490d   Thumb Code    18  tcp_in.o(.text.tcp_trigger_input_pcb_close)
    tcp_update_rcv_ann_wnd                   0x08014921   Thumb Code   194  tcp.o(.text.tcp_update_rcv_ann_wnd)
    tcp_zero_window_probe                    0x080149e5   Thumb Code   362  tcp_out.o(.text.tcp_zero_window_probe)
    toggleGPIO                               0x08014b9d   Thumb Code    20  led.o(.text.toggleGPIO)
    udp_bind                                 0x08014bb1   Thumb Code   322  udp.o(.text.udp_bind)
    udp_connect                              0x08014cf5   Thumb Code   216  udp.o(.text.udp_connect)
    udp_init                                 0x08014dcd   Thumb Code     2  udp.o(.text.udp_init)
    udp_input                                0x08014dd1   Thumb Code   788  udp.o(.text.udp_input)
    udp_netif_ip_addr_changed                0x0801520d   Thumb Code    94  udp.o(.text.udp_netif_ip_addr_changed)
    udp_new                                  0x0801526d   Thumb Code    56  udp.o(.text.udp_new)
    udp_recv                                 0x08015341   Thumb Code    38  udp.o(.text.udp_recv)
    udp_remove                               0x08015369   Thumb Code   128  udp.o(.text.udp_remove)
    udp_sendto_if                            0x080153e9   Thumb Code   198  udp.o(.text.udp_sendto_if)
    udp_sendto_if_src                        0x080154b1   Thumb Code   468  udp.o(.text.udp_sendto_if_src)
    __0printf                                0x08015685   Thumb Code    22  printfa.o(i.__0printf)
    __1printf                                0x08015685   Thumb Code     0  printfa.o(i.__0printf)
    __2printf                                0x08015685   Thumb Code     0  printfa.o(i.__0printf)
    __c89printf                              0x08015685   Thumb Code     0  printfa.o(i.__0printf)
    printf                                   0x08015685   Thumb Code     0  printfa.o(i.__0printf)
    __scatterload_copy                       0x080156a5   Thumb Code    14  handlers.o(i.__scatterload_copy)
    __scatterload_null                       0x080156b3   Thumb Code     2  handlers.o(i.__scatterload_null)
    __scatterload_zeroinit                   0x080156b5   Thumb Code    14  handlers.o(i.__scatterload_zeroinit)
    fputc                                    0x08015f77   Thumb Code    18  fputc.o(i.fputc)
    free                                     0x08015f89   Thumb Code    76  malloc.o(i.free)
    malloc                                   0x08015fd9   Thumb Code    92  malloc.o(i.malloc)
    AHBPrescTable                            0x08016044   Data          16  system_stm32f4xx.o(.rodata.AHBPrescTable)
    APBPrescTable                            0x08016054   Data           8  system_stm32f4xx.o(.rodata.APBPrescTable)
    Driver_USART3                            0x0801605c   Data          56  USART_STM32F4xx.o(.rodata.Driver_USART3)
    ethbroadcast                             0x080160e0   Data           6  ethernet.o(.rodata.ethbroadcast)
    ethzero                                  0x080160e6   Data           6  ethernet.o(.rodata.ethzero)
    initCmds                                 0x080160ec   Data         103  LCD_Driver.o(.rodata.initCmds)
    ip_addr_any                              0x08016154   Data           4  ip4_addr.o(.rodata.ip_addr_any)
    ip_addr_broadcast                        0x08016158   Data           4  ip4_addr.o(.rodata.ip_addr_broadcast)
    lwip_cyclic_timers                       0x0801619c   Data          48  timeouts.o(.rodata.lwip_cyclic_timers)
    memp_FRAG_PBUF                           0x080161cc   Data          20  memp.o(.rodata.memp_FRAG_PBUF)
    memp_PBUF                                0x080161e0   Data          20  memp.o(.rodata.memp_PBUF)
    memp_PBUF_POOL                           0x080161f4   Data          20  memp.o(.rodata.memp_PBUF_POOL)
    memp_REASSDATA                           0x08016208   Data          20  memp.o(.rodata.memp_REASSDATA)
    memp_SYS_TIMEOUT                         0x0801621c   Data          20  memp.o(.rodata.memp_SYS_TIMEOUT)
    memp_TCP_PCB                             0x08016230   Data          20  memp.o(.rodata.memp_TCP_PCB)
    memp_TCP_PCB_LISTEN                      0x08016244   Data          20  memp.o(.rodata.memp_TCP_PCB_LISTEN)
    memp_TCP_SEG                             0x08016258   Data          20  memp.o(.rodata.memp_TCP_SEG)
    memp_UDP_PCB                             0x0801626c   Data          20  memp.o(.rodata.memp_UDP_PCB)
    memp_pools                               0x08016280   Data          36  memp.o(.rodata.memp_pools)
    tcp_pcb_lists                            0x08018384   Data          16  tcp.o(.rodata.tcp_pcb_lists)
    Region$$Table$$Base                      0x0801839c   Number         0  anon$$obj.o(Region$$Table)
    Region$$Table$$Limit                     0x080183bc   Number         0  anon$$obj.o(Region$$Table)
    __stdout                                 0x20000000   Data           4  stdout.o(.data)
    __microlib_freelist                      0x20000004   Data           4  mvars.o(.data)
    __microlib_freelist_initialised          0x20000008   Data           4  mvars.o(.data)
    Font16FLASH                              0x2000000c   Data           8  fontsFLASH.o(.data.Font16FLASH)
    SystemCoreClock                          0x20000014   Data           4  system_stm32f4xx.o(.data.SystemCoreClock)
    currentState                             0x2000001c   Data           1  main.o(.data.currentState)
    packageAvailableBinSem                   0x2000003c   Data           4  ethernetif.o(.data.packageAvailableBinSem)
    taskList                                 0x20000044   Data          48  main.o(.data.taskList)
    uwTickFreq                               0x2000007a   Data           1  stm32f4xx_hal.o(.data.uwTickFreq)
    uwTickPrio                               0x2000007c   Data           4  stm32f4xx_hal.o(.data.uwTickPrio)
    DMARxDscrTab                             0x20000080   Data         160  ethernetif.o(.bss.DMARxDscrTab)
    DMATxDscrTab                             0x20000120   Data         160  ethernetif.o(.bss.DMATxDscrTab)
    EthHandle                                0x200001c0   Data          72  ethernetif.o(.bss.EthHandle)
    Rx_Buff                                  0x20000208   Data        7620  ethernetif.o(.bss.Rx_Buff)
    Tx_Buff                                  0x20001fcc   Data        7620  ethernetif.o(.bss.Tx_Buff)
    currentTime                              0x20003ebc   Data           4  main.o(.bss.currentTime)
    ip_data                                  0x20003f48   Data          24  ip.o(.bss.ip_data)
    its_brd_netif                            0x20003f64   Data          68  lwip_interface.o(.bss.its_brd_netif)
    lwip_stats                               0x20003fac   Data         204  stats.o(.bss.lwip_stats)
    memp_memory_FRAG_PBUF_base               0x20004078   Data         363  memp.o(.bss.memp_memory_FRAG_PBUF_base)
    memp_memory_PBUF_POOL_base               0x200041e3   Data        8451  memp.o(.bss.memp_memory_PBUF_POOL_base)
    memp_memory_PBUF_base                    0x200062e6   Data         163  memp.o(.bss.memp_memory_PBUF_base)
    memp_memory_REASSDATA_base               0x20006389   Data         163  memp.o(.bss.memp_memory_REASSDATA_base)
    memp_memory_SYS_TIMEOUT_base             0x2000642c   Data         163  memp.o(.bss.memp_memory_SYS_TIMEOUT_base)
    memp_memory_TCP_PCB_LISTEN_base          0x200064cf   Data         143  memp.o(.bss.memp_memory_TCP_PCB_LISTEN_base)
    memp_memory_TCP_PCB_base                 0x2000655e   Data         863  memp.o(.bss.memp_memory_TCP_PCB_base)
    memp_memory_TCP_SEG_base                 0x200068bd   Data         195  memp.o(.bss.memp_memory_TCP_SEG_base)
    memp_memory_UDP_PCB_base                 0x20006980   Data         131  memp.o(.bss.memp_memory_UDP_PCB_base)
    netif_default                            0x20006b00   Data           4  netif.o(.bss.netif_default)
    netif_list                               0x20006b04   Data           4  netif.o(.bss.netif_list)
    tcp_active_pcbs                          0x20006b3c   Data           4  tcp.o(.bss.tcp_active_pcbs)
    tcp_active_pcbs_changed                  0x20006b40   Data           1  tcp.o(.bss.tcp_active_pcbs_changed)
    tcp_bound_pcbs                           0x20006b44   Data           4  tcp.o(.bss.tcp_bound_pcbs)
    tcp_input_pcb                            0x20006b48   Data           4  tcp_in.o(.bss.tcp_input_pcb)
    tcp_listen_pcbs                          0x20006b4c   Data           4  tcp.o(.bss.tcp_listen_pcbs)
    tcp_ticks                                0x20006b54   Data           4  tcp.o(.bss.tcp_ticks)
    tcp_tw_pcbs                              0x20006b5c   Data           4  tcp.o(.bss.tcp_tw_pcbs)
    udp_pcbs                                 0x20006b78   Data           4  udp.o(.bss.udp_pcbs)
    uwTick                                   0x20006b7c   Data           4  stm32f4xx_hal.o(.bss.uwTick)
    __heap_base                              0x20006b80   Data           0  startup_stm32f429xx.o(HEAP)
    __heap_limit                             0x20007380   Data           0  startup_stm32f429xx.o(HEAP)
    __initial_sp                             0x20007780   Data           0  startup_stm32f429xx.o(STACK)



==============================================================================

Memory Map of the image

  Image Entry point : 0x080001c1

  Load Region LR_IROM1 (Base: 0x08000000, Size: 0x00018440, Max: 0x00200000, ABSOLUTE)

    Execution Region ER_IROM1 (Exec base: 0x08000000, Load base: 0x08000000, Size: 0x000183bc, Max: 0x00200000, ABSOLUTE)

    Exec Addr    Load Addr    Size         Type   Attr      Idx    E Section Name        Object

    0x08000000   0x08000000   0x000001ac   Data   RO           63    RESET               startup_stm32f429xx.o
    0x080001ac   0x080001ac   0x00000000   Code   RO         2544  * .ARM.Collect$$$$00000000  mc_w.l(entry.o)
    0x080001ac   0x080001ac   0x00000004   Code   RO         2663    .ARM.Collect$$$$00000001  mc_w.l(entry2.o)
    0x080001b0   0x080001b0   0x00000004   Code   RO         2666    .ARM.Collect$$$$00000004  mc_w.l(entry5.o)
    0x080001b4   0x080001b4   0x00000000   Code   RO         2668    .ARM.Collect$$$$00000008  mc_w.l(entry7b.o)
    0x080001b4   0x080001b4   0x00000000   Code   RO         2670    .ARM.Collect$$$$0000000A  mc_w.l(entry8b.o)
    0x080001b4   0x080001b4   0x00000008   Code   RO         2671    .ARM.Collect$$$$0000000B  mc_w.l(entry9a.o)
    0x080001bc   0x080001bc   0x00000000   Code   RO         2673    .ARM.Collect$$$$0000000D  mc_w.l(entry10a.o)
    0x080001bc   0x080001bc   0x00000000   Code   RO         2675    .ARM.Collect$$$$0000000F  mc_w.l(entry11a.o)
    0x080001bc   0x080001bc   0x00000004   Code   RO         2664    .ARM.Collect$$$$00002712  mc_w.l(entry2.o)
    0x080001c0   0x080001c0   0x00000024   Code   RO           64  * .text               startup_stm32f429xx.o
    0x080001e4   0x080001e4   0x00000062   Code   RO         2549    .text               mc_w.l(uldiv.o)
    0x08000246   0x08000246   0x00000062   Code   RO         2551    .text               mc_w.l(ldiv.o)
    0x080002a8   0x080002a8   0x00000040   Code   RO         2585    .text               mc_w.l(memmovea.o)
    0x080002e8   0x080002e8   0x00000024   Code   RO         2587    .text               mc_w.l(memseta.o)
    0x0800030c   0x0800030c   0x0000000e   Code   RO         2589    .text               mc_w.l(strlen.o)
    0x0800031a   0x0800031a   0x0000001a   Code   RO         2591    .text               mc_w.l(memcmp.o)
    0x08000334   0x08000334   0x0000002c   Code   RO         2691    .text               mc_w.l(uidiv.o)
    0x08000360   0x08000360   0x0000001e   Code   RO         2693    .text               mc_w.l(llshl.o)
    0x0800037e   0x0800037e   0x00000020   Code   RO         2695    .text               mc_w.l(llushr.o)
    0x0800039e   0x0800039e   0x00000000   Code   RO         2708    .text               mc_w.l(iusefp.o)
    0x0800039e   0x0800039e   0x000000ba   Code   RO         2709    .text               mf_w.l(depilogue.o)
    0x08000458   0x08000458   0x0000014e   Code   RO         2711    .text               mf_w.l(dadd.o)
    0x080005a6   0x080005a6   0x000000e4   Code   RO         2713    .text               mf_w.l(dmul.o)
    0x0800068a   0x0800068a   0x000000de   Code   RO         2715    .text               mf_w.l(ddiv.o)
    0x08000768   0x08000768   0x00000030   Code   RO         2719    .text               mf_w.l(dfixul.o)
    0x08000798   0x08000798   0x00000030   Code   RO         2721    .text               mf_w.l(cdrcmple.o)
    0x080007c8   0x080007c8   0x00000030   Code   RO         2723    .text               mc_w.l(init.o)
    0x080007f8   0x080007f8   0x00000000   Code   RO         2725    .text               mc_w.l(semi.o)
    0x080007f8   0x080007f8   0x00000024   Code   RO         2726    .text               mc_w.l(llsshr.o)
    0x0800081c   0x0800081c   0x00000000   Code   RO         2730    .text               mc_w.l(iusesemip.o)
    0x0800081c   0x0800081c   0x00000004   Code   RO           91    .text.BusFault_Handler  stm32f4xx_it.o
    0x08000820   0x08000820   0x00000002   Code   RO           97    .text.DebugMon_Handler  stm32f4xx_it.o
    0x08000822   0x08000822   0x00000002   PAD
    0x08000824   0x08000824   0x00000010   Code   RO         1295    .text.Driver_Delay_ms  LCD_Tools.o
    0x08000834   0x08000834   0x00000020   Code   RO         1297    .text.Driver_Delay_us  LCD_Tools.o
    0x08000854   0x08000854   0x00000018   Code   RO          901    .text.ETH_DMAReceptionEnable  stm32f4xx_hal_eth.o
    0x0800086c   0x0800086c   0x00000018   Code   RO          899    .text.ETH_DMATransmissionEnable  stm32f4xx_hal_eth.o
    0x08000884   0x08000884   0x0000003a   Code   RO          921    .text.ETH_Delay     stm32f4xx_hal_eth.o
    0x080008be   0x080008be   0x00000002   PAD
    0x080008c0   0x080008c0   0x00000038   Code   RO          897    .text.ETH_FlushTransmitFIFO  stm32f4xx_hal_eth.o
    0x080008f8   0x080008f8   0x00000010   Code   RO          103    .text.ETH_IRQHandler  stm32f4xx_it.o
    0x08000908   0x08000908   0x00000034   Code   RO          919    .text.ETH_MACAddressConfig  stm32f4xx_hal_eth.o
    0x0800093c   0x0800093c   0x000002da   Code   RO          865    .text.ETH_MACDMAConfig  stm32f4xx_hal_eth.o
    0x08000c16   0x08000c16   0x00000002   PAD
    0x08000c18   0x08000c18   0x00000030   Code   RO          895    .text.ETH_MACReceptionEnable  stm32f4xx_hal_eth.o
    0x08000c48   0x08000c48   0x00000030   Code   RO          893    .text.ETH_MACTransmissionEnable  stm32f4xx_hal_eth.o
    0x08000c78   0x08000c78   0x000001da   Code   RO         1518    .text.Enable_GPIO_Clock  USART_STM32F4xx.o
    0x08000e52   0x08000e52   0x00000002   PAD
    0x08000e54   0x08000e54   0x000000e8   Code   RO         1359    .text.Error_Handler  error.o
    0x08000f3c   0x08000f3c   0x00000008   Code   RO         1263    .text.GPIO_Init     LCD_GPIO.o
    0x08000f44   0x08000f44   0x000000bc   Code   RO         1174    .text.GUI_disChar   LCD_GUI.o
    0x08001000   0x08001000   0x00000068   Code   RO         1178    .text.GUI_disNum    LCD_GUI.o
    0x08001068   0x08001068   0x00000114   Code   RO         1176    .text.GUI_disStr    LCD_GUI.o
    0x0800117c   0x0800117c   0x000001aa   Code   RO         1172    .text.GUI_drawRectangle  LCD_GUI.o
    0x08001326   0x08001326   0x00000002   PAD
    0x08001328   0x08001328   0x0000001c   Code   RO         1166    .text.GUI_init      LCD_GUI.o
    0x08001344   0x08001344   0x000000ea   Code   RO          750    .text.HAL_DMA_Abort  stm32f4xx_hal_dma.o
    0x0800142e   0x0800142e   0x00000002   PAD
    0x08001430   0x08001430   0x00000042   Code   RO          293    .text.HAL_Delay     stm32f4xx_hal.o
    0x08001472   0x08001472   0x00000002   PAD
    0x08001474   0x08001474   0x000000ec   Code   RO          875    .text.HAL_ETH_DMARxDescListInit  stm32f4xx_hal_eth.o
    0x08001560   0x08001560   0x000000e2   Code   RO          873    .text.HAL_ETH_DMATxDescListInit  stm32f4xx_hal_eth.o
    0x08001642   0x08001642   0x00000002   PAD
    0x08001644   0x08001644   0x00000008   Code   RO          889    .text.HAL_ETH_ErrorCallback  stm32f4xx_hal_eth.o
    0x0800164c   0x0800164c   0x00000138   Code   RO          881    .text.HAL_ETH_GetReceivedFrame_IT  stm32f4xx_hal_eth.o
    0x08001784   0x08001784   0x000000c2   Code   RO          883    .text.HAL_ETH_IRQHandler  stm32f4xx_hal_eth.o
    0x08001846   0x08001846   0x00000002   PAD
    0x08001848   0x08001848   0x0000038c   Code   RO          859    .text.HAL_ETH_Init  stm32f4xx_hal_eth.o
    0x08001bd4   0x08001bd4   0x0000016c   Code   RO         2504    .text.HAL_ETH_MspInit  ethernetif.o
    0x08001d40   0x08001d40   0x000000e2   Code   RO          867    .text.HAL_ETH_ReadPHYRegister  stm32f4xx_hal_eth.o
    0x08001e22   0x08001e22   0x00000002   PAD
    0x08001e24   0x08001e24   0x00000014   Code   RO         2522    .text.HAL_ETH_RxCpltCallback  ethernetif.o
    0x08001e38   0x08001e38   0x00000072   Code   RO          891    .text.HAL_ETH_Start  stm32f4xx_hal_eth.o
    0x08001eaa   0x08001eaa   0x00000002   PAD
    0x08001eac   0x08001eac   0x000001e2   Code   RO          877    .text.HAL_ETH_TransmitFrame  stm32f4xx_hal_eth.o
    0x0800208e   0x0800208e   0x00000002   PAD
    0x08002090   0x08002090   0x00000008   Code   RO          887    .text.HAL_ETH_TxCpltCallback  stm32f4xx_hal_eth.o
    0x08002098   0x08002098   0x000000e0   Code   RO          863    .text.HAL_ETH_WritePHYRegister  stm32f4xx_hal_eth.o
    0x08002178   0x08002178   0x0000025c   Code   RO          227    .text.HAL_GPIO_DeInit  stm32f4xx_hal_gpio.o
    0x080023d4   0x080023d4   0x000003f0   Code   RO          225    .text.HAL_GPIO_Init  stm32f4xx_hal_gpio.o
    0x080027c4   0x080027c4   0x0000002e   Code   RO          229    .text.HAL_GPIO_ReadPin  stm32f4xx_hal_gpio.o
    0x080027f2   0x080027f2   0x00000002   PAD
    0x080027f4   0x080027f4   0x00000032   Code   RO          233    .text.HAL_GPIO_TogglePin  stm32f4xx_hal_gpio.o
    0x08002826   0x08002826   0x00000002   PAD
    0x08002828   0x08002828   0x0000002e   Code   RO          231    .text.HAL_GPIO_WritePin  stm32f4xx_hal_gpio.o
    0x08002856   0x08002856   0x00000002   PAD
    0x08002858   0x08002858   0x0000000c   Code   RO          285    .text.HAL_GetTick   stm32f4xx_hal.o
    0x08002864   0x08002864   0x0000001a   Code   RO          283    .text.HAL_IncTick   stm32f4xx_hal.o
    0x0800287e   0x0800287e   0x00000002   PAD
    0x08002880   0x08002880   0x0000002e   Code   RO          273    .text.HAL_Init      stm32f4xx_hal.o
    0x080028ae   0x080028ae   0x00000002   PAD
    0x080028b0   0x080028b0   0x00000070   Code   RO          275    .text.HAL_InitTick  stm32f4xx_hal.o
    0x08002920   0x08002920   0x00000002   Code   RO          277    .text.HAL_MspInit   stm32f4xx_hal.o
    0x08002922   0x08002922   0x00000002   PAD
    0x08002924   0x08002924   0x00000014   Code   RO          129    .text.HAL_NVIC_DisableIRQ  stm32f4xx_hal_cortex.o
    0x08002938   0x08002938   0x00000014   Code   RO          125    .text.HAL_NVIC_EnableIRQ  stm32f4xx_hal_cortex.o
    0x0800294c   0x0800294c   0x00000032   Code   RO          117    .text.HAL_NVIC_SetPriority  stm32f4xx_hal_cortex.o
    0x0800297e   0x0800297e   0x00000002   PAD
    0x08002980   0x08002980   0x00000010   Code   RO          113    .text.HAL_NVIC_SetPriorityGrouping  stm32f4xx_hal_cortex.o
    0x08002990   0x08002990   0x000000be   Code   RO          260    .text.HAL_PWREx_EnableOverDrive  stm32f4xx_hal_pwr_ex.o
    0x08002a4e   0x08002a4e   0x00000002   PAD
    0x08002a50   0x08002a50   0x00000262   Code   RO          345    .text.HAL_RCC_ClockConfig  stm32f4xx_hal_rcc.o
    0x08002cb2   0x08002cb2   0x00000002   PAD
    0x08002cb4   0x08002cb4   0x0000000c   Code   RO          355    .text.HAL_RCC_GetHCLKFreq  stm32f4xx_hal_rcc.o
    0x08002cc0   0x08002cc0   0x00000022   Code   RO          357    .text.HAL_RCC_GetPCLK1Freq  stm32f4xx_hal_rcc.o
    0x08002ce2   0x08002ce2   0x00000002   PAD
    0x08002ce4   0x08002ce4   0x000000e6   Code   RO          347    .text.HAL_RCC_GetSysClockFreq  stm32f4xx_hal_rcc.o
    0x08002dca   0x08002dca   0x00000002   PAD
    0x08002dcc   0x08002dcc   0x000006a4   Code   RO          343    .text.HAL_RCC_OscConfig  stm32f4xx_hal_rcc.o
    0x08003470   0x08003470   0x00000010   Code   RO          137    .text.HAL_SYSTICK_Config  stm32f4xx_hal_cortex.o
    0x08003480   0x08003480   0x00000122   Code   RO          838    .text.HAL_TIMEx_MasterConfigSynchronization  stm32f4xx_hal_tim_ex.o
    0x080035a2   0x080035a2   0x00000002   PAD
    0x080035a4   0x080035a4   0x00000048   Code   RO         1284    .text.HAL_TIM_MspPostInit  LCD_TIM.o
    0x080035ec   0x080035ec   0x00000144   Code   RO          542    .text.HAL_TIM_PWM_ConfigChannel  stm32f4xx_hal_tim.o
    0x08003730   0x08003730   0x00000058   Code   RO          430    .text.HAL_TIM_PWM_Init  stm32f4xx_hal_tim.o
    0x08003788   0x08003788   0x0000003e   Code   RO         1278    .text.HAL_TIM_PWM_MspInit  LCD_TIM.o
    0x080037c6   0x080037c6   0x00000002   PAD
    0x080037c8   0x080037c8   0x00000080   Code   RO          438    .text.HAL_TIM_PWM_Start  stm32f4xx_hal_tim.o
    0x08003848   0x08003848   0x00000004   Code   RO           87    .text.HardFault_Handler  stm32f4xx_it.o
    0x0800384c   0x0800384c   0x000000b6   Code   RO         1299    .text.LCDErrHandler  LCD_Tools.o
    0x08003902   0x08003902   0x00000002   PAD
    0x08003904   0x08003904   0x0000004a   Code   RO         1132    .text.LCD_Reset     LCD_Driver.o
    0x0800394e   0x0800394e   0x00000002   PAD
    0x08003950   0x08003950   0x00000014   Code   RO         1134    .text.LCD_SetBackLight  LCD_Driver.o
    0x08003964   0x08003964   0x00000022   Code   RO         1138    .text.LCD_SetGramScanWay  LCD_Driver.o
    0x08003986   0x08003986   0x00000002   PAD
    0x08003988   0x08003988   0x00000048   Code   RO         1140    .text.LCD_WriteCMD  LCD_Driver.o
    0x080039d0   0x080039d0   0x00000056   Code   RO         1136    .text.LCD_WriteCMDList  LCD_Driver.o
    0x08003a26   0x08003a26   0x00000002   PAD
    0x08003a28   0x08003a28   0x00000016   Code   RO         1150    .text.LCD_WriteParam  LCD_Driver.o
    0x08003a3e   0x08003a3e   0x00000002   PAD
    0x08003a40   0x08003a40   0x00000070   Code   RO         1146    .text.LCD_WriteParameters  LCD_Driver.o
    0x08003ab0   0x08003ab0   0x00000022   Code   RO         1152    .text.LCD_clear     LCD_Driver.o
    0x08003ad2   0x08003ad2   0x00000002   PAD
    0x08003ad4   0x08003ad4   0x0000018e   Code   RO         1148    .text.LCD_fillRectangleBW  LCD_Driver.o
    0x08003c62   0x08003c62   0x00000002   PAD
    0x08003c64   0x08003c64   0x000000ca   Code   RO         1142    .text.LCD_fillRectangleMC  LCD_Driver.o
    0x08003d2e   0x08003d2e   0x00000002   PAD
    0x08003d30   0x08003d30   0x00000070   Code   RO         1130    .text.LCD_init      LCD_Driver.o
    0x08003da0   0x08003da0   0x00000058   Code   RO         1144    .text.LCD_setWindow  LCD_Driver.o
    0x08003df8   0x08003df8   0x0000019e   Code   RO         1265    .text.MX_GPIO_Init  LCD_GPIO.o
    0x08003f96   0x08003f96   0x00000002   PAD
    0x08003f98   0x08003f98   0x000000aa   Code   RO         1276    .text.MX_TIM4_Init  LCD_TIM.o
    0x08004042   0x08004042   0x00000002   PAD
    0x08004044   0x08004044   0x00000004   Code   RO           89    .text.MemManage_Handler  stm32f4xx_it.o
    0x08004048   0x08004048   0x00000002   Code   RO           85    .text.NMI_Handler   stm32f4xx_it.o
    0x0800404a   0x0800404a   0x00000002   PAD
    0x0800404c   0x0800404c   0x0000006c   Code   RO          123    .text.NVIC_EncodePriority  stm32f4xx_hal_cortex.o
    0x080040b8   0x080040b8   0x00000038   Code   RO         1282    .text.PWM_SetValue  LCD_TIM.o
    0x080040f0   0x080040f0   0x00000002   Code   RO           99    .text.PendSV_Handler  stm32f4xx_it.o
    0x080040f2   0x080040f2   0x00000002   PAD
    0x080040f4   0x080040f4   0x000000b8   Code   RO         1246    .text.SPI4W_Write_Byte  LCD_SPI.o
    0x080041ac   0x080041ac   0x0000004c   Code   RO         1240    .text.SPIInitDevWithoutHAL  LCD_SPI.o
    0x080041f8   0x080041f8   0x000000da   Code   RO         1238    .text.SPIInitGPIOsWithoutHAL  LCD_SPI.o
    0x080042d2   0x080042d2   0x00000002   PAD
    0x080042d4   0x080042d4   0x0000000e   Code   RO         1236    .text.SPIinit       LCD_SPI.o
    0x080042e2   0x080042e2   0x00000002   PAD
    0x080042e4   0x080042e4   0x00000002   Code   RO           95    .text.SVC_Handler   stm32f4xx_it.o
    0x080042e6   0x080042e6   0x00000002   PAD
    0x080042e8   0x080042e8   0x000000a0   Code   RO         2457    .text.Scheduler     main.o
    0x08004388   0x08004388   0x0000005c   Code   RO         2459    .text.StateMachine  main.o
    0x080043e4   0x080043e4   0x00000052   Code   RO          139    .text.SysTick_Config  stm32f4xx_hal_cortex.o
    0x08004436   0x08004436   0x00000002   PAD
    0x08004438   0x08004438   0x00000008   Code   RO          101    .text.SysTick_Handler  stm32f4xx_it.o
    0x08004440   0x08004440   0x000000b8   Code   RO         1401    .text.SystemClock_Config  init.o
    0x080044f8   0x080044f8   0x0000006e   Code   RO           71    .text.SystemInit    system_stm32f4xx.o
    0x08004566   0x08004566   0x00000002   PAD
    0x08004568   0x08004568   0x00000020   Code   RO         2449    .text.TASK_ETHERNET_FRAME_PULL  main.o
    0x08004588   0x08004588   0x00000008   Code   RO         1274    .text.TIM4_Init     LCD_TIM.o
    0x08004590   0x08004590   0x0000019a   Code   RO          380    .text.TIM_Base_SetConfig  stm32f4xx_hal_tim.o
    0x0800472a   0x0800472a   0x00000002   PAD
    0x0800472c   0x0800472c   0x00000036   Code   RO          414    .text.TIM_CCxChannelCmd  stm32f4xx_hal_tim.o
    0x08004762   0x08004762   0x00000002   PAD
    0x08004764   0x08004764   0x000000ea   Code   RO          524    .text.TIM_OC1_SetConfig  stm32f4xx_hal_tim.o
    0x0800484e   0x0800484e   0x00000002   PAD
    0x08004850   0x08004850   0x000000f4   Code   RO          526    .text.TIM_OC2_SetConfig  stm32f4xx_hal_tim.o
    0x08004944   0x08004944   0x000000f2   Code   RO          528    .text.TIM_OC3_SetConfig  stm32f4xx_hal_tim.o
    0x08004a36   0x08004a36   0x00000002   PAD
    0x08004a38   0x08004a38   0x000000a4   Code   RO          530    .text.TIM_OC4_SetConfig  stm32f4xx_hal_tim.o
    0x08004adc   0x08004adc   0x00000032   Code   RO         1208    .text.TP_InitBasic  LCD_Touch.o
    0x08004b0e   0x08004b0e   0x00000002   PAD
    0x08004b10   0x08004b10   0x0000002a   Code   RO         1210    .text.TP_SetDefaultCalibration  LCD_Touch.o
    0x08004b3a   0x08004b3a   0x00000002   PAD
    0x08004b3c   0x08004b3c   0x0000001e   Code   RO         2451    .text.Task1         main.o
    0x08004b5a   0x08004b5a   0x00000002   PAD
    0x08004b5c   0x08004b5c   0x0000001e   Code   RO         2453    .text.Task2         main.o
    0x08004b7a   0x08004b7a   0x00000002   PAD
    0x08004b7c   0x08004b7c   0x0000001c   Code   RO         1506    .text.USART3_Control  USART_STM32F4xx.o
    0x08004b98   0x08004b98   0x00000018   Code   RO         1488    .text.USART3_GetCapabilities  USART_STM32F4xx.o
    0x08004bb0   0x08004bb0   0x00000018   Code   RO         1512    .text.USART3_GetModemStatus  USART_STM32F4xx.o
    0x08004bc8   0x08004bc8   0x00000010   Code   RO         1504    .text.USART3_GetRxCount  USART_STM32F4xx.o
    0x08004bd8   0x08004bd8   0x00000018   Code   RO         1508    .text.USART3_GetStatus  USART_STM32F4xx.o
    0x08004bf0   0x08004bf0   0x00000010   Code   RO         1502    .text.USART3_GetTxCount  USART_STM32F4xx.o
    0x08004c00   0x08004c00   0x00000010   Code   RO         1484    .text.USART3_IRQHandler  USART_STM32F4xx.o
    0x08004c10   0x08004c10   0x00000018   Code   RO         1490    .text.USART3_Initialize  USART_STM32F4xx.o
    0x08004c28   0x08004c28   0x0000001c   Code   RO         1494    .text.USART3_PowerControl  USART_STM32F4xx.o
    0x08004c44   0x08004c44   0x0000001c   Code   RO         1498    .text.USART3_Receive  USART_STM32F4xx.o
    0x08004c60   0x08004c60   0x0000001c   Code   RO         1496    .text.USART3_Send   USART_STM32F4xx.o
    0x08004c7c   0x08004c7c   0x0000001c   Code   RO         1510    .text.USART3_SetModemControl  USART_STM32F4xx.o
    0x08004c98   0x08004c98   0x00000020   Code   RO         1500    .text.USART3_Transfer  USART_STM32F4xx.o
    0x08004cb8   0x08004cb8   0x00000010   Code   RO         1492    .text.USART3_Uninitialize  USART_STM32F4xx.o
    0x08004cc8   0x08004cc8   0x00000d86   Code   RO         1540    .text.USART_Control  USART_STM32F4xx.o
    0x08005a4e   0x08005a4e   0x00000002   PAD
    0x08005a50   0x08005a50   0x00000010   Code   RO         1514    .text.USART_GetCapabilities  USART_STM32F4xx.o
    0x08005a60   0x08005a60   0x0000006a   Code   RO         1546    .text.USART_GetModemStatus  USART_STM32F4xx.o
    0x08005aca   0x08005aca   0x00000002   PAD
    0x08005acc   0x08005acc   0x0000000e   Code   RO         1538    .text.USART_GetRxCount  USART_STM32F4xx.o
    0x08005ada   0x08005ada   0x00000002   PAD
    0x08005adc   0x08005adc   0x000000d4   Code   RO         1542    .text.USART_GetStatus  USART_STM32F4xx.o
    0x08005bb0   0x08005bb0   0x0000000e   Code   RO         1536    .text.USART_GetTxCount  USART_STM32F4xx.o
    0x08005bbe   0x08005bbe   0x00000002   PAD
    0x08005bc0   0x08005bc0   0x00000402   Code   RO         1482    .text.USART_IRQHandler  USART_STM32F4xx.o
    0x08005fc2   0x08005fc2   0x00000002   PAD
    0x08005fc4   0x08005fc4   0x000000e0   Code   RO         1516    .text.USART_Initialize  USART_STM32F4xx.o
    0x080060a4   0x080060a4   0x0000024c   Code   RO         1528    .text.USART_PeripheralReset  USART_STM32F4xx.o
    0x080062f0   0x080062f0   0x0000045e   Code   RO         1522    .text.USART_PowerControl  USART_STM32F4xx.o
    0x0800674e   0x0800674e   0x00000002   PAD
    0x08006750   0x08006750   0x000000e4   Code   RO         1532    .text.USART_Receive  USART_STM32F4xx.o
    0x08006834   0x08006834   0x000000b6   Code   RO         1530    .text.USART_Send    USART_STM32F4xx.o
    0x080068ea   0x080068ea   0x00000002   PAD
    0x080068ec   0x080068ec   0x000000e2   Code   RO         1544    .text.USART_SetModemControl  USART_STM32F4xx.o
    0x080069ce   0x080069ce   0x00000002   PAD
    0x080069d0   0x080069d0   0x00000096   Code   RO         1534    .text.USART_Transfer  USART_STM32F4xx.o
    0x08006a66   0x08006a66   0x00000002   PAD
    0x08006a68   0x08006a68   0x000000c0   Code   RO         1520    .text.USART_Uninitialize  USART_STM32F4xx.o
    0x08006b28   0x08006b28   0x00000012   Code   RO         1486    .text.USARTx_GetVersion  USART_STM32F4xx.o
    0x08006b3a   0x08006b3a   0x00000002   PAD
    0x08006b3c   0x08006b3c   0x00000004   Code   RO           93    .text.UsageFault_Handler  stm32f4xx_it.o
    0x08006b40   0x08006b40   0x00000030   Code   RO         1524    .text.__NVIC_ClearPendingIRQ  USART_STM32F4xx.o
    0x08006b70   0x08006b70   0x00000038   Code   RO          131    .text.__NVIC_DisableIRQ  stm32f4xx_hal_cortex.o
    0x08006ba8   0x08006ba8   0x00000030   Code   RO          127    .text.__NVIC_EnableIRQ  stm32f4xx_hal_cortex.o
    0x08006bd8   0x08006bd8   0x00000030   Code   RO         1526    .text.__NVIC_EnableIRQ  USART_STM32F4xx.o
    0x08006c08   0x08006c08   0x00000010   Code   RO          119    .text.__NVIC_GetPriorityGrouping  stm32f4xx_hal_cortex.o
    0x08006c18   0x08006c18   0x00000042   Code   RO          121    .text.__NVIC_SetPriority  stm32f4xx_hal_cortex.o
    0x08006c5a   0x08006c5a   0x00000002   PAD
    0x08006c5c   0x08006c5c   0x0000003c   Code   RO          115    .text.__NVIC_SetPriorityGrouping  stm32f4xx_hal_cortex.o
    0x08006c98   0x08006c98   0x0000008c   Code   RO         1673    .text.acd_add       acd.o
    0x08006d24   0x08006d24   0x000000d4   Code   RO         1685    .text.acd_arp_reply  acd.o
    0x08006df8   0x08006df8   0x00000050   Code   RO         1689    .text.acd_handle_arp_conflict  acd.o
    0x08006e48   0x08006e48   0x0000007a   Code   RO         1691    .text.acd_netif_ip_addr_changed  acd.o
    0x08006ec2   0x08006ec2   0x00000002   PAD
    0x08006ec4   0x08006ec4   0x0000005a   Code   RO         1693    .text.acd_put_in_passive_mode  acd.o
    0x08006f1e   0x08006f1e   0x00000002   PAD
    0x08006f20   0x08006f20   0x0000007e   Code   RO         1675    .text.acd_remove    acd.o
    0x08006f9e   0x08006f9e   0x00000002   PAD
    0x08006fa0   0x08006fa0   0x0000004a   Code   RO         1687    .text.acd_restart   acd.o
    0x08006fea   0x08006fea   0x00000002   PAD
    0x08006fec   0x08006fec   0x00000066   Code   RO         1677    .text.acd_start     acd.o
    0x08007052   0x08007052   0x00000002   PAD
    0x08007054   0x08007054   0x00000018   Code   RO         1679    .text.acd_stop      acd.o
    0x0800706c   0x0800706c   0x0000018c   Code   RO         1683    .text.acd_tmr       acd.o
    0x080071f8   0x080071f8   0x00000048   Code   RO         1250    .text.check_SPI_SR  LCD_SPI.o
    0x08007240   0x08007240   0x00000028   Code   RO         2486    .text.check_input   lwip_interface.o
    0x08007268   0x08007268   0x0000019c   Code   RO         1761    .text.dhcp_bind     dhcp.o
    0x08007404   0x08007404   0x00000026   Code   RO         1771    .text.dhcp_check    dhcp.o
    0x0800742a   0x0800742a   0x00000002   PAD
    0x0800742c   0x0800742c   0x000000a8   Code   RO         1703    .text.dhcp_coarse_tmr  dhcp.o
    0x080074d4   0x080074d4   0x000000be   Code   RO         1723    .text.dhcp_conflict_callback  dhcp.o
    0x08007592   0x08007592   0x00000002   PAD
    0x08007594   0x08007594   0x000001bc   Code   RO         1733    .text.dhcp_create_msg  dhcp.o
    0x08007750   0x08007750   0x00000074   Code   RO         1721    .text.dhcp_dec_pcb_refcount  dhcp.o
    0x080077c4   0x080077c4   0x000000be   Code   RO         1763    .text.dhcp_decline  dhcp.o
    0x08007882   0x08007882   0x00000002   PAD
    0x08007884   0x08007884   0x00000158   Code   RO         1729    .text.dhcp_discover  dhcp.o
    0x080079dc   0x080079dc   0x00000064   Code   RO         1713    .text.dhcp_fine_tmr  dhcp.o
    0x08007a40   0x08007a40   0x000000f0   Code   RO         1769    .text.dhcp_handle_ack  dhcp.o
    0x08007b30   0x08007b30   0x00000030   Code   RO         1773    .text.dhcp_handle_nak  dhcp.o
    0x08007b60   0x08007b60   0x0000004a   Code   RO         1775    .text.dhcp_handle_offer  dhcp.o
    0x08007baa   0x08007baa   0x00000002   PAD
    0x08007bac   0x08007bac   0x000000d4   Code   RO         1725    .text.dhcp_inc_pcb_refcount  dhcp.o
    0x08007c80   0x08007c80   0x00000080   Code   RO         1735    .text.dhcp_option   dhcp.o
    0x08007d00   0x08007d00   0x00000062   Code   RO         1747    .text.dhcp_option_byte  dhcp.o
    0x08007d62   0x08007d62   0x00000002   PAD
    0x08007d64   0x08007d64   0x00000096   Code   RO         1751    .text.dhcp_option_long  dhcp.o
    0x08007dfa   0x08007dfa   0x00000002   PAD
    0x08007dfc   0x08007dfc   0x00000076   Code   RO         1737    .text.dhcp_option_short  dhcp.o
    0x08007e72   0x08007e72   0x00000002   PAD
    0x08007e74   0x08007e74   0x00000072   Code   RO         1739    .text.dhcp_option_trailer  dhcp.o
    0x08007ee6   0x08007ee6   0x00000002   PAD
    0x08007ee8   0x08007ee8   0x0000059e   Code   RO         1767    .text.dhcp_parse_reply  dhcp.o
    0x08008486   0x08008486   0x00000002   PAD
    0x08008488   0x08008488   0x0000014a   Code   RO         1759    .text.dhcp_rebind   dhcp.o
    0x080085d2   0x080085d2   0x00000002   PAD
    0x080085d4   0x080085d4   0x00000182   Code   RO         1743    .text.dhcp_reboot   dhcp.o
    0x08008756   0x08008756   0x00000002   PAD
    0x08008758   0x08008758   0x000001d2   Code   RO         1765    .text.dhcp_recv     dhcp.o
    0x0800892a   0x0800892a   0x00000002   PAD
    0x0800892c   0x0800892c   0x0000012a   Code   RO         1705    .text.dhcp_release_and_stop  dhcp.o
    0x08008a56   0x08008a56   0x00000002   PAD
    0x08008a58   0x08008a58   0x00000148   Code   RO         1745    .text.dhcp_renew    dhcp.o
    0x08008ba0   0x08008ba0   0x000001f6   Code   RO         1757    .text.dhcp_select   dhcp.o
    0x08008d96   0x08008d96   0x00000002   PAD
    0x08008d98   0x08008d98   0x0000002e   Code   RO         1727    .text.dhcp_set_state  dhcp.o
    0x08008dc6   0x08008dc6   0x00000002   PAD
    0x08008dc8   0x08008dc8   0x0000012a   Code   RO         1707    .text.dhcp_start    dhcp.o
    0x08008ef2   0x08008ef2   0x00000002   PAD
    0x08008ef4   0x08008ef4   0x00000060   Code   RO         1749    .text.dhcp_supplied_address  dhcp.o
    0x08008f54   0x08008f54   0x0000005c   Code   RO         1711    .text.dhcp_t1_timeout  dhcp.o
    0x08008fb0   0x08008fb0   0x00000066   Code   RO         1709    .text.dhcp_t2_timeout  dhcp.o
    0x08009016   0x08009016   0x00000002   PAD
    0x08009018   0x08009018   0x00000082   Code   RO         1715    .text.dhcp_timeout  dhcp.o
    0x0800909a   0x0800909a   0x00000002   PAD
    0x0800909c   0x0800909c   0x00000066   Code   RO         1902    .text.do_memp_free_pool  memp.o
    0x08009102   0x08009102   0x00000002   PAD
    0x08009104   0x08009104   0x00000098   Code   RO         1896    .text.do_memp_malloc_pool  memp.o
    0x0800919c   0x0800919c   0x0000003c   Code   RO         1821    .text.etharp_acd_announce  etharp.o
    0x080091d8   0x080091d8   0x00000042   Code   RO         1819    .text.etharp_acd_probe  etharp.o
    0x0800921a   0x0800921a   0x00000002   PAD
    0x0800921c   0x0800921c   0x00000066   Code   RO         1797    .text.etharp_cleanup_netif  etharp.o
    0x08009282   0x08009282   0x00000002   PAD
    0x08009284   0x08009284   0x00000424   Code   RO         1801    .text.etharp_find_entry  etharp.o
    0x080096a8   0x080096a8   0x0000005e   Code   RO         1793    .text.etharp_free_entry  etharp.o
    0x08009706   0x08009706   0x00000002   PAD
    0x08009708   0x08009708   0x00000160   Code   RO         1805    .text.etharp_input  etharp.o
    0x08009868   0x08009868   0x000002ae   Code   RO         1811    .text.etharp_output  etharp.o
    0x08009b16   0x08009b16   0x00000002   PAD
    0x08009b18   0x08009b18   0x0000015e   Code   RO         1813    .text.etharp_output_to_arp_index  etharp.o
    0x08009c76   0x08009c76   0x00000002   PAD
    0x08009c78   0x08009c78   0x000003a8   Code   RO         1815    .text.etharp_query  etharp.o
    0x0800a020   0x0800a020   0x00000196   Code   RO         1809    .text.etharp_raw    etharp.o
    0x0800a1b6   0x0800a1b6   0x00000002   PAD
    0x0800a1b8   0x0800a1b8   0x0000001c   Code   RO         1795    .text.etharp_request  etharp.o
    0x0800a1d4   0x0800a1d4   0x0000003e   Code   RO         1817    .text.etharp_request_dst  etharp.o
    0x0800a212   0x0800a212   0x00000002   PAD
    0x0800a214   0x0800a214   0x00000150   Code   RO         1791    .text.etharp_tmr    etharp.o
    0x0800a364   0x0800a364   0x00000154   Code   RO         1807    .text.etharp_update_arp_entry  etharp.o
    0x0800a4b8   0x0800a4b8   0x00000162   Code   RO         1575    .text.ethernet_input  ethernet.o
    0x0800a61a   0x0800a61a   0x00000002   PAD
    0x0800a61c   0x0800a61c   0x000000c0   Code   RO         1577    .text.ethernet_output  ethernet.o
    0x0800a6dc   0x0800a6dc   0x00000070   Code   RO         2510    .text.ethernetif_init  ethernetif.o
    0x0800a74c   0x0800a74c   0x00000056   Code   RO         2506    .text.ethernetif_input  ethernetif.o
    0x0800a7a2   0x0800a7a2   0x00000002   PAD
    0x0800a7a4   0x0800a7a4   0x0000001a   Code   RO         1835    .text.icmp_dest_unreach  icmp.o
    0x0800a7be   0x0800a7be   0x00000002   PAD
    0x0800a7c0   0x0800a7c0   0x0000033a   Code   RO         1833    .text.icmp_input    icmp.o
    0x0800aafa   0x0800aafa   0x00000002   PAD
    0x0800aafc   0x0800aafc   0x00000108   Code   RO         1837    .text.icmp_send_response  icmp.o
    0x0800ac04   0x0800ac04   0x0000001a   Code   RO         1839    .text.icmp_time_exceeded  icmp.o
    0x0800ac1e   0x0800ac1e   0x00000002   PAD
    0x0800ac20   0x0800ac20   0x0000007a   Code   RO         2411    .text.inet_chksum_pbuf  inet_chksum.o
    0x0800ac9a   0x0800ac9a   0x00000002   PAD
    0x0800ac9c   0x0800ac9c   0x00000140   Code   RO         1403    .text.initGPIOs     init.o
    0x0800addc   0x0800addc   0x00000014   Code   RO         1399    .text.initITSboard  init.o
    0x0800adf0   0x0800adf0   0x00000052   Code   RO         2482    .text.init_lwip_stack  lwip_interface.o
    0x0800ae42   0x0800ae42   0x00000002   PAD
    0x0800ae44   0x0800ae44   0x00000084   Code   RO         1616    .text.ip4_addr_isbroadcast_u32  ip4_addr.o
    0x0800aec8   0x0800aec8   0x00000310   Code   RO         1655    .text.ip4_frag      ip4_frag.o
    0x0800b1d8   0x0800b1d8   0x00000388   Code   RO         1591    .text.ip4_input     ip4.o
    0x0800b560   0x0800b560   0x00000062   Code   RO         1593    .text.ip4_input_accept  ip4.o
    0x0800b5c2   0x0800b5c2   0x00000002   PAD
    0x0800b5c4   0x0800b5c4   0x00000070   Code   RO         1595    .text.ip4_output_if  ip4.o
    0x0800b634   0x0800b634   0x000001da   Code   RO         1597    .text.ip4_output_if_src  ip4.o
    0x0800b80e   0x0800b80e   0x00000002   PAD
    0x0800b810   0x0800b810   0x000003fa   Code   RO         1645    .text.ip4_reass     ip4_frag.o
    0x0800bc0a   0x0800bc0a   0x00000002   PAD
    0x0800bc0c   0x0800bc0c   0x00000132   Code   RO         1589    .text.ip4_route     ip4.o
    0x0800bd3e   0x0800bd3e   0x00000002   PAD
    0x0800bd40   0x0800bd40   0x0000000a   Code   RO         1657    .text.ip_frag_alloc_pbuf_custom_ref  ip4_frag.o
    0x0800bd4a   0x0800bd4a   0x00000002   PAD
    0x0800bd4c   0x0800bd4c   0x00000048   Code   RO         1659    .text.ip_frag_free_pbuf_custom_ref  ip4_frag.o
    0x0800bd94   0x0800bd94   0x00000378   Code   RO         1651    .text.ip_reass_chain_frag_into_datagram_and_validate  ip4_frag.o
    0x0800c10c   0x0800c10c   0x00000076   Code   RO         1653    .text.ip_reass_dequeue_datagram  ip4_frag.o
    0x0800c182   0x0800c182   0x00000002   PAD
    0x0800c184   0x0800c184   0x00000094   Code   RO         1649    .text.ip_reass_enqueue_new_datagram  ip4_frag.o
    0x0800c218   0x0800c218   0x00000200   Code   RO         1643    .text.ip_reass_free_complete_datagram  ip4_frag.o
    0x0800c418   0x0800c418   0x000000f6   Code   RO         1647    .text.ip_reass_remove_oldest_datagram  ip4_frag.o
    0x0800c50e   0x0800c50e   0x00000002   PAD
    0x0800c510   0x0800c510   0x00000054   Code   RO         1641    .text.ip_reass_tmr  ip4_frag.o
    0x0800c564   0x0800c564   0x00000096   Code   RO         1661    .text.ipfrag_free_pbuf_custom  ip4_frag.o
    0x0800c5fa   0x0800c5fa   0x00000002   PAD
    0x0800c5fc   0x0800c5fc   0x000000b4   Code   RO         1301    .text.itoa          LCD_Tools.o
    0x0800c6b0   0x0800c6b0   0x000001d2   Code   RO         1367    .text.lcdPrintS     lcd.o
    0x0800c882   0x0800c882   0x00000002   PAD
    0x0800c884   0x0800c884   0x00000054   Code   RO         1375    .text.lcdPrintlnS   lcd.o
    0x0800c8d8   0x0800c8d8   0x000000e6   Code   RO         2514    .text.low_level_init  ethernetif.o
    0x0800c9be   0x0800c9be   0x00000002   PAD
    0x0800c9c0   0x0800c9c0   0x0000018c   Code   RO         2508    .text.low_level_input  ethernetif.o
    0x0800cb4c   0x0800cb4c   0x00000144   Code   RO         2512    .text.low_level_output  ethernetif.o
    0x0800cc90   0x0800cc90   0x00000070   Code   RO         2326    .text.lwip_cyclic_timer  timeouts.o
    0x0800cd00   0x0800cd00   0x00000020   Code   RO         1851    .text.lwip_htonl    def.o
    0x0800cd20   0x0800cd20   0x00000010   Code   RO         1849    .text.lwip_htons    def.o
    0x0800cd30   0x0800cd30   0x00000030   Code   RO         2421    .text.lwip_init     init.o
    0x0800cd60   0x0800cd60   0x000000a8   Code   RO         2395    .text.lwip_standard_chksum  inet_chksum.o
    0x0800ce08   0x0800ce08   0x00000038   Code   RO         2455    .text.main          main.o
    0x0800ce40   0x0800ce40   0x00000080   Code   RO         1878    .text.mem_free      mem.o
    0x0800cec0   0x0800cec0   0x00000002   Code   RO         1872    .text.mem_init      mem.o
    0x0800cec2   0x0800cec2   0x00000002   PAD
    0x0800cec4   0x0800cec4   0x0000005e   Code   RO         1876    .text.mem_malloc    mem.o
    0x0800cf22   0x0800cf22   0x00000002   PAD
    0x0800cf24   0x0800cf24   0x0000000c   Code   RO         1874    .text.mem_trim      mem.o
    0x0800cf30   0x0800cf30   0x0000003e   Code   RO         1904    .text.memp_free     memp.o
    0x0800cf6e   0x0800cf6e   0x00000002   PAD
    0x0800cf70   0x0800cf70   0x0000005a   Code   RO         1892    .text.memp_init     memp.o
    0x0800cfca   0x0800cfca   0x00000002   PAD
    0x0800cfcc   0x0800cfcc   0x00000062   Code   RO         1890    .text.memp_init_pool  memp.o
    0x0800d02e   0x0800d02e   0x00000002   PAD
    0x0800d030   0x0800d030   0x0000003e   Code   RO         1898    .text.memp_malloc   memp.o
    0x0800d06e   0x0800d06e   0x00000002   PAD
    0x0800d070   0x0800d070   0x0000020c   Code   RO         1957    .text.netif_add     netif.o
    0x0800d27c   0x0800d27c   0x00000062   Code   RO         2484    .text.netif_config  lwip_interface.o
    0x0800d2de   0x0800d2de   0x00000002   PAD
    0x0800d2e0   0x0800d2e0   0x0000001c   Code   RO         1977    .text.netif_do_ip_addr_changed  netif.o
    0x0800d2fc   0x0800d2fc   0x00000042   Code   RO         1973    .text.netif_do_set_gw  netif.o
    0x0800d33e   0x0800d33e   0x00000002   PAD
    0x0800d340   0x0800d340   0x000000ee   Code   RO         1965    .text.netif_do_set_ipaddr  netif.o
    0x0800d42e   0x0800d42e   0x00000002   PAD
    0x0800d430   0x0800d430   0x00000042   Code   RO         1969    .text.netif_do_set_netmask  netif.o
    0x0800d472   0x0800d472   0x00000002   PAD
    0x0800d474   0x0800d474   0x00000054   Code   RO         2001    .text.netif_get_by_index  netif.o
    0x0800d4c8   0x0800d4c8   0x00000002   Code   RO         1951    .text.netif_init    netif.o
    0x0800d4ca   0x0800d4ca   0x00000002   PAD
    0x0800d4cc   0x0800d4cc   0x00000074   Code   RO         1985    .text.netif_issue_reports  netif.o
    0x0800d540   0x0800d540   0x00000010   Code   RO         1959    .text.netif_null_output_ip4  netif.o
    0x0800d550   0x0800d550   0x000000bc   Code   RO         1961    .text.netif_set_addr  netif.o
    0x0800d60c   0x0800d60c   0x0000001e   Code   RO         1981    .text.netif_set_default  netif.o
    0x0800d62a   0x0800d62a   0x00000002   PAD
    0x0800d62c   0x0800d62c   0x00000060   Code   RO         1979    .text.netif_set_down  netif.o
    0x0800d68c   0x0800d68c   0x00000052   Code   RO         1983    .text.netif_set_up  netif.o
    0x0800d6de   0x0800d6de   0x00000002   PAD
    0x0800d6e0   0x0800d6e0   0x00000016   Code   RO         2026    .text.pbuf_add_header  pbuf.o
    0x0800d6f6   0x0800d6f6   0x00000002   PAD
    0x0800d6f8   0x0800d6f8   0x00000108   Code   RO         2028    .text.pbuf_add_header_impl  pbuf.o
    0x0800d800   0x0800d800   0x000002a2   Code   RO         2014    .text.pbuf_alloc    pbuf.o
    0x0800daa2   0x0800daa2   0x00000002   PAD
    0x0800daa4   0x0800daa4   0x00000092   Code   RO         2016    .text.pbuf_alloc_reference  pbuf.o
    0x0800db36   0x0800db36   0x00000002   PAD
    0x0800db38   0x0800db38   0x00000090   Code   RO         2022    .text.pbuf_alloced_custom  pbuf.o
    0x0800dbc8   0x0800dbc8   0x00000104   Code   RO         2046    .text.pbuf_cat      pbuf.o
    0x0800dccc   0x0800dccc   0x0000001a   Code   RO         2048    .text.pbuf_chain    pbuf.o
    0x0800dce6   0x0800dce6   0x00000002   PAD
    0x0800dce8   0x0800dce8   0x0000002c   Code   RO         2042    .text.pbuf_clen     pbuf.o
    0x0800dd14   0x0800dd14   0x0000007c   Code   RO         2070    .text.pbuf_clone    pbuf.o
    0x0800dd90   0x0800dd90   0x00000034   Code   RO         2052    .text.pbuf_copy     pbuf.o
    0x0800ddc4   0x0800ddc4   0x0000011a   Code   RO         2056    .text.pbuf_copy_partial  pbuf.o
    0x0800dede   0x0800dede   0x00000002   PAD
    0x0800dee0   0x0800dee0   0x0000022a   Code   RO         2054    .text.pbuf_copy_partial_pbuf  pbuf.o
    0x0800e10a   0x0800e10a   0x00000002   PAD
    0x0800e10c   0x0800e10c   0x000001a6   Code   RO         2018    .text.pbuf_free     pbuf.o
    0x0800e2b2   0x0800e2b2   0x00000002   PAD
    0x0800e2b4   0x0800e2b4   0x0000001a   Code   RO         2038    .text.pbuf_header_force  pbuf.o
    0x0800e2ce   0x0800e2ce   0x00000002   PAD
    0x0800e2d0   0x0800e2d0   0x00000048   Code   RO         2036    .text.pbuf_header_impl  pbuf.o
    0x0800e318   0x0800e318   0x0000005e   Code   RO         2020    .text.pbuf_init_alloced_pbuf  pbuf.o
    0x0800e376   0x0800e376   0x00000002   PAD
    0x0800e378   0x0800e378   0x000001a8   Code   RO         2024    .text.pbuf_realloc  pbuf.o
    0x0800e520   0x0800e520   0x00000058   Code   RO         2044    .text.pbuf_ref      pbuf.o
    0x0800e578   0x0800e578   0x000000bc   Code   RO         2032    .text.pbuf_remove_header  pbuf.o
    0x0800e634   0x0800e634   0x000000b2   Code   RO         1333    .text.printDebugMsg  LCD_Debug.o
    0x0800e6e6   0x0800e6e6   0x00000002   PAD
    0x0800e6e8   0x0800e6e8   0x00000030   Code   RO         1248    .text.save_restore_AltFn_SPI1_MOSI_Pin  LCD_SPI.o
    0x0800e718   0x0800e718   0x00000002   Code   RO         2429    .text.stats_init    stats.o
    0x0800e71a   0x0800e71a   0x00000002   PAD
    0x0800e71c   0x0800e71c   0x000000ae   Code   RO         1562    .text.stdinout_init  stdinout_USART.o
    0x0800e7ca   0x0800e7ca   0x00000002   PAD
    0x0800e7cc   0x0800e7cc   0x00000046   Code   RO         1369    .text.stringCopy    lcd.o
    0x0800e812   0x0800e812   0x00000002   PAD
    0x0800e814   0x0800e814   0x0000008a   Code   RO         2332    .text.sys_check_timeouts  timeouts.o
    0x0800e89e   0x0800e89e   0x00000002   PAD
    0x0800e8a0   0x0800e8a0   0x00000008   Code   RO         2496    .text.sys_now       sys_arch.o
    0x0800e8a8   0x0800e8a8   0x0000005c   Code   RO         2320    .text.sys_timeout   timeouts.o
    0x0800e904   0x0800e904   0x00000118   Code   RO         2328    .text.sys_timeout_abs  timeouts.o
    0x0800ea1c   0x0800ea1c   0x0000003e   Code   RO         2324    .text.sys_timeouts_init  timeouts.o
    0x0800ea5a   0x0800ea5a   0x00000002   PAD
    0x0800ea5c   0x0800ea5c   0x000001ae   Code   RO         2108    .text.tcp_abandon   tcp.o
    0x0800ec0a   0x0800ec0a   0x00000002   PAD
    0x0800ec0c   0x0800ec0c   0x00000012   Code   RO         2114    .text.tcp_abort     tcp.o
    0x0800ec1e   0x0800ec1e   0x00000002   PAD
    0x0800ec20   0x0800ec20   0x00000172   Code   RO         2152    .text.tcp_alloc     tcp.o
    0x0800ed92   0x0800ed92   0x00000002   PAD
    0x0800ed94   0x0800ed94   0x0000004c   Code   RO         2306    .text.tcp_build_wnd_scale_option  tcp_out.o
    0x0800ede0   0x0800ede0   0x00000048   Code   RO         2102    .text.tcp_close     tcp.o
    0x0800ee28   0x0800ee28   0x0000026a   Code   RO         2104    .text.tcp_close_shutdown  tcp.o
    0x0800f092   0x0800f092   0x00000002   PAD
    0x0800f094   0x0800f094   0x000000fa   Code   RO         2140    .text.tcp_close_shutdown_fin  tcp.o
    0x0800f18e   0x0800f18e   0x00000002   PAD
    0x0800f190   0x0800f190   0x0000019c   Code   RO         2260    .text.tcp_create_segment  tcp_out.o
    0x0800f32c   0x0800f32c   0x000000ca   Code   RO         2136    .text.tcp_eff_send_mss_netif  tcp.o
    0x0800f3f6   0x0800f3f6   0x00000002   PAD
    0x0800f3f8   0x0800f3f8   0x000002ea   Code   RO         2266    .text.tcp_enqueue_flags  tcp_out.o
    0x0800f6e2   0x0800f6e2   0x00000002   PAD
    0x0800f6e4   0x0800f6e4   0x000000e0   Code   RO         2098    .text.tcp_fasttmr   tcp.o
    0x0800f7c4   0x0800f7c4   0x0000004a   Code   RO         2094    .text.tcp_free      tcp.o
    0x0800f80e   0x0800f80e   0x00000002   PAD
    0x0800f810   0x0800f810   0x00000138   Code   RO         2232    .text.tcp_free_acked_segments  tcp_in.o
    0x0800f948   0x0800f948   0x0000004a   Code   RO         2188    .text.tcp_free_listen  tcp.o
    0x0800f992   0x0800f992   0x00000002   PAD
    0x0800f994   0x0800f994   0x00000084   Code   RO         2228    .text.tcp_get_next_optbyte  tcp_in.o
    0x0800fa18   0x0800fa18   0x0000004a   Code   RO         2154    .text.tcp_handle_closepend  tcp.o
    0x0800fa62   0x0800fa62   0x00000002   PAD
    0x0800fa64   0x0800fa64   0x00000002   Code   RO         2092    .text.tcp_init      tcp.o
    0x0800fa66   0x0800fa66   0x00000002   PAD
    0x0800fa68   0x0800fa68   0x00000b42   Code   RO         2214    .text.tcp_input     tcp_in.o
    0x080105aa   0x080105aa   0x00000002   PAD
    0x080105ac   0x080105ac   0x000000a0   Code   RO         2222    .text.tcp_input_delayed_close  tcp_in.o
    0x0801064c   0x0801064c   0x0000009e   Code   RO         2302    .text.tcp_keepalive  tcp_out.o
    0x080106ea   0x080106ea   0x00000002   PAD
    0x080106ec   0x080106ec   0x000000c4   Code   RO         2160    .text.tcp_kill_prio  tcp.o
    0x080107b0   0x080107b0   0x000000c4   Code   RO         2158    .text.tcp_kill_state  tcp.o
    0x08010874   0x08010874   0x0000006a   Code   RO         2156    .text.tcp_kill_timewait  tcp.o
    0x080108de   0x080108de   0x00000002   PAD
    0x080108e0   0x080108e0   0x000000a8   Code   RO         2186    .text.tcp_listen_closed  tcp.o
    0x08010988   0x08010988   0x00000246   Code   RO         2218    .text.tcp_listen_input  tcp_in.o
    0x08010bce   0x08010bce   0x00000002   PAD
    0x08010bd0   0x08010bd0   0x00000082   Code   RO         2178    .text.tcp_netif_ip_addr_changed  tcp.o
    0x08010c52   0x08010c52   0x00000002   PAD
    0x08010c54   0x08010c54   0x00000078   Code   RO         2180    .text.tcp_netif_ip_addr_changed_pcblist  tcp.o
    0x08010ccc   0x08010ccc   0x0000005a   Code   RO         2134    .text.tcp_next_iss  tcp.o
    0x08010d26   0x08010d26   0x00000002   PAD
    0x08010d28   0x08010d28   0x0000049e   Code   RO         2268    .text.tcp_output    tcp_out.o
    0x080111c6   0x080111c6   0x00000002   PAD
    0x080111c8   0x080111c8   0x000000de   Code   RO         2298    .text.tcp_output_alloc_header  tcp_out.o
    0x080112a6   0x080112a6   0x00000002   PAD
    0x080112a8   0x080112a8   0x000000fa   Code   RO         2308    .text.tcp_output_alloc_header_common  tcp_out.o
    0x080113a2   0x080113a2   0x00000002   PAD
    0x080113a4   0x080113a4   0x00000086   Code   RO         2292    .text.tcp_output_control_segment  tcp_out.o
    0x0801142a   0x0801142a   0x00000002   PAD
    0x0801142c   0x0801142c   0x000000b4   Code   RO         2296    .text.tcp_output_control_segment_netif  tcp_out.o
    0x080114e0   0x080114e0   0x000000be   Code   RO         2300    .text.tcp_output_fill_options  tcp_out.o
    0x0801159e   0x0801159e   0x00000002   PAD
    0x080115a0   0x080115a0   0x000002c6   Code   RO         2274    .text.tcp_output_segment  tcp_out.o
    0x08011866   0x08011866   0x00000002   PAD
    0x08011868   0x08011868   0x0000005a   Code   RO         2278    .text.tcp_output_segment_busy  tcp_out.o
    0x080118c2   0x080118c2   0x00000002   PAD
    0x080118c4   0x080118c4   0x0000024e   Code   RO         2226    .text.tcp_parseopt  tcp_in.o
    0x08011b12   0x08011b12   0x00000002   PAD
    0x08011b14   0x08011b14   0x0000008e   Code   RO         2138    .text.tcp_pcb_purge  tcp.o
    0x08011ba2   0x08011ba2   0x00000002   PAD
    0x08011ba4   0x08011ba4   0x0000018e   Code   RO         2110    .text.tcp_pcb_remove  tcp.o
    0x08011d32   0x08011d32   0x00000002   PAD
    0x08011d34   0x08011d34   0x00000a5a   Code   RO         2220    .text.tcp_process   tcp_in.o
    0x0801278e   0x0801278e   0x00000002   PAD
    0x08012790   0x08012790   0x00000106   Code   RO         2142    .text.tcp_process_refused_data  tcp.o
    0x08012896   0x08012896   0x00000002   PAD
    0x08012898   0x08012898   0x00000a3c   Code   RO         2230    .text.tcp_receive   tcp_in.o
    0x080132d4   0x080132d4   0x0000005e   Code   RO         2146    .text.tcp_recv_null  tcp.o
    0x08013332   0x08013332   0x00000002   PAD
    0x08013334   0x08013334   0x000000b4   Code   RO         2130    .text.tcp_recved    tcp.o
    0x080133e8   0x080133e8   0x0000006e   Code   RO         2190    .text.tcp_remove_listener  tcp.o
    0x08013456   0x08013456   0x00000002   PAD
    0x08013458   0x08013458   0x000000f6   Code   RO         2284    .text.tcp_rexmit    tcp_out.o
    0x0801354e   0x0801354e   0x00000002   PAD
    0x08013550   0x08013550   0x000000c2   Code   RO         2286    .text.tcp_rexmit_fast  tcp_out.o
    0x08013612   0x08013612   0x00000002   PAD
    0x08013614   0x08013614   0x00000052   Code   RO         2282    .text.tcp_rexmit_rto  tcp_out.o
    0x08013666   0x08013666   0x00000002   PAD
    0x08013668   0x08013668   0x00000060   Code   RO         2280    .text.tcp_rexmit_rto_commit  tcp_out.o
    0x080136c8   0x080136c8   0x000000f8   Code   RO         2276    .text.tcp_rexmit_rto_prepare  tcp_out.o
    0x080137c0   0x080137c0   0x00000034   Code   RO         2272    .text.tcp_route     tcp_out.o
    0x080137f4   0x080137f4   0x00000062   Code   RO         2288    .text.tcp_rst       tcp_out.o
    0x08013856   0x08013856   0x00000002   PAD
    0x08013858   0x08013858   0x00000100   Code   RO         2290    .text.tcp_rst_common  tcp_out.o
    0x08013958   0x08013958   0x00000072   Code   RO         2294    .text.tcp_rst_netif  tcp_out.o
    0x080139ca   0x080139ca   0x00000002   PAD
    0x080139cc   0x080139cc   0x0000002c   Code   RO         2148    .text.tcp_seg_free  tcp.o
    0x080139f8   0x080139f8   0x00000024   Code   RO         2112    .text.tcp_segs_free  tcp.o
    0x08013a1c   0x08013a1c   0x000000f6   Code   RO         2270    .text.tcp_send_empty_ack  tcp_out.o
    0x08013b12   0x08013b12   0x00000002   PAD
    0x08013b14   0x08013b14   0x000000b6   Code   RO         2264    .text.tcp_send_fin  tcp_out.o
    0x08013bca   0x08013bca   0x00000002   PAD
    0x08013bcc   0x08013bcc   0x0000084c   Code   RO         2100    .text.tcp_slowtmr   tcp.o
    0x08014418   0x08014418   0x00000348   Code   RO         2262    .text.tcp_split_unsent_seg  tcp_out.o
    0x08014760   0x08014760   0x0000004c   Code   RO         2318    .text.tcp_timer_needed  timeouts.o
    0x080147ac   0x080147ac   0x0000013a   Code   RO         2216    .text.tcp_timewait_input  tcp_in.o
    0x080148e6   0x080148e6   0x00000002   PAD
    0x080148e8   0x080148e8   0x00000022   Code   RO         2096    .text.tcp_tmr       tcp.o
    0x0801490a   0x0801490a   0x00000002   PAD
    0x0801490c   0x0801490c   0x00000012   Code   RO         2224    .text.tcp_trigger_input_pcb_close  tcp_in.o
    0x0801491e   0x0801491e   0x00000002   PAD
    0x08014920   0x08014920   0x000000c2   Code   RO         2128    .text.tcp_update_rcv_ann_wnd  tcp.o
    0x080149e2   0x080149e2   0x00000002   PAD
    0x080149e4   0x080149e4   0x0000016a   Code   RO         2304    .text.tcp_zero_window_probe  tcp_out.o
    0x08014b4e   0x08014b4e   0x00000002   PAD
    0x08014b50   0x08014b50   0x0000004a   Code   RO         2322    .text.tcpip_tcp_timer  timeouts.o
    0x08014b9a   0x08014b9a   0x00000002   PAD
    0x08014b9c   0x08014b9c   0x00000014   Code   RO         2474    .text.toggleGPIO    led.o
    0x08014bb0   0x08014bb0   0x00000142   Code   RO         2365    .text.udp_bind      udp.o
    0x08014cf2   0x08014cf2   0x00000002   PAD
    0x08014cf4   0x08014cf4   0x000000d8   Code   RO         2371    .text.udp_connect   udp.o
    0x08014dcc   0x08014dcc   0x00000002   Code   RO         2351    .text.udp_init      udp.o
    0x08014dce   0x08014dce   0x00000002   PAD
    0x08014dd0   0x08014dd0   0x00000314   Code   RO         2353    .text.udp_input     udp.o
    0x080150e4   0x080150e4   0x00000128   Code   RO         2355    .text.udp_input_local_match  udp.o
    0x0801520c   0x0801520c   0x0000005e   Code   RO         2383    .text.udp_netif_ip_addr_changed  udp.o
    0x0801526a   0x0801526a   0x00000002   PAD
    0x0801526c   0x0801526c   0x00000038   Code   RO         2379    .text.udp_new       udp.o
    0x080152a4   0x080152a4   0x0000009a   Code   RO         2367    .text.udp_new_port  udp.o
    0x0801533e   0x0801533e   0x00000002   PAD
    0x08015340   0x08015340   0x00000026   Code   RO         2375    .text.udp_recv      udp.o
    0x08015366   0x08015366   0x00000002   PAD
    0x08015368   0x08015368   0x00000080   Code   RO         2377    .text.udp_remove    udp.o
    0x080153e8   0x080153e8   0x000000c6   Code   RO         2361    .text.udp_sendto_if  udp.o
    0x080154ae   0x080154ae   0x00000002   PAD
    0x080154b0   0x080154b0   0x000001d4   Code   RO         2363    .text.udp_sendto_if_src  udp.o
    0x08015684   0x08015684   0x00000020   Code   RO         2600    i.__0printf         mc_w.l(printfa.o)
    0x080156a4   0x080156a4   0x0000000e   Code   RO         2735    i.__scatterload_copy  mc_w.l(handlers.o)
    0x080156b2   0x080156b2   0x00000002   Code   RO         2736    i.__scatterload_null  mc_w.l(handlers.o)
    0x080156b4   0x080156b4   0x0000000e   Code   RO         2737    i.__scatterload_zeroinit  mc_w.l(handlers.o)
    0x080156c2   0x080156c2   0x00000002   PAD
    0x080156c4   0x080156c4   0x00000184   Code   RO         2607    i._fp_digits        mc_w.l(printfa.o)
    0x08015848   0x08015848   0x000006dc   Code   RO         2608    i._printf_core      mc_w.l(printfa.o)
    0x08015f24   0x08015f24   0x00000024   Code   RO         2609    i._printf_post_padding  mc_w.l(printfa.o)
    0x08015f48   0x08015f48   0x0000002e   Code   RO         2610    i._printf_pre_padding  mc_w.l(printfa.o)
    0x08015f76   0x08015f76   0x00000012   Code   RO         2677    i.fputc             mc_w.l(fputc.o)
    0x08015f88   0x08015f88   0x00000050   Code   RO         2627    i.free              mc_w.l(malloc.o)
    0x08015fd8   0x08015fd8   0x0000006c   Code   RO         2628    i.malloc            mc_w.l(malloc.o)
    0x08016044   0x08016044   0x00000010   Data   RO           76    .rodata.AHBPrescTable  system_stm32f4xx.o
    0x08016054   0x08016054   0x00000008   Data   RO           77    .rodata.APBPrescTable  system_stm32f4xx.o
    0x0801605c   0x0801605c   0x00000038   Data   RO         1548    .rodata.Driver_USART3  USART_STM32F4xx.o
    0x08016094   0x08016094   0x00000034   Data   RO         1553    .rodata.USART3_Resources  USART_STM32F4xx.o
    0x080160c8   0x080160c8   0x0000000c   Data   RO         1550    .rodata.USART3_rx   USART_STM32F4xx.o
    0x080160d4   0x080160d4   0x0000000c   Data   RO         1549    .rodata.USART3_tx   USART_STM32F4xx.o
    0x080160e0   0x080160e0   0x00000006   Data   RO         1579    .rodata.ethbroadcast  ethernet.o
    0x080160e6   0x080160e6   0x00000006   Data   RO         1580    .rodata.ethzero     ethernet.o
    0x080160ec   0x080160ec   0x00000067   Data   RO         1158    .rodata.initCmds    LCD_Driver.o
    0x08016153   0x08016153   0x00000001   PAD
    0x08016154   0x08016154   0x00000004   Data   RO         1630    .rodata.ip_addr_any  ip4_addr.o
    0x08016158   0x08016158   0x00000004   Data   RO         1631    .rodata.ip_addr_broadcast  ip4_addr.o
    0x0801615c   0x0801615c   0x00000040   Data   RO         2465    .rodata.led_pins    main.o
    0x0801619c   0x0801619c   0x00000030   Data   RO         2338    .rodata.lwip_cyclic_timers  timeouts.o
    0x080161cc   0x080161cc   0x00000014   Data   RO         1930    .rodata.memp_FRAG_PBUF  memp.o
    0x080161e0   0x080161e0   0x00000014   Data   RO         1938    .rodata.memp_PBUF   memp.o
    0x080161f4   0x080161f4   0x00000014   Data   RO         1942    .rodata.memp_PBUF_POOL  memp.o
    0x08016208   0x08016208   0x00000014   Data   RO         1926    .rodata.memp_REASSDATA  memp.o
    0x0801621c   0x0801621c   0x00000014   Data   RO         1934    .rodata.memp_SYS_TIMEOUT  memp.o
    0x08016230   0x08016230   0x00000014   Data   RO         1914    .rodata.memp_TCP_PCB  memp.o
    0x08016244   0x08016244   0x00000014   Data   RO         1918    .rodata.memp_TCP_PCB_LISTEN  memp.o
    0x08016258   0x08016258   0x00000014   Data   RO         1922    .rodata.memp_TCP_SEG  memp.o
    0x0801626c   0x0801626c   0x00000014   Data   RO         1910    .rodata.memp_UDP_PCB  memp.o
    0x08016280   0x08016280   0x00000024   Data   RO         1943    .rodata.memp_pools  memp.o
    0x080162a4   0x080162a4   0x00000048   Data   RO         1190    .rodata.str1.1      LCD_GUI.o
    0x080162ec   0x080162ec   0x00000048   Data   RO         1254    .rodata.str1.1      LCD_SPI.o
    0x08016334   0x08016334   0x00000048   Data   RO         1287    .rodata.str1.1      LCD_TIM.o
    0x0801637c   0x0801637c   0x0000001c   Data   RO         1336    .rodata.str1.1      LCD_Debug.o
    0x08016398   0x08016398   0x0000009c   Data   RO         1581    .rodata.str1.1      ethernet.o
    0x08016434   0x08016434   0x0000007b   Data   RO         1601    .rodata.str1.1      ip4.o
    0x080164af   0x080164af   0x000001cc   Data   RO         1665    .rodata.str1.1      ip4_frag.o
    0x0801667b   0x0801667b   0x0000007f   Data   RO         1695    .rodata.str1.1      acd.o
    0x080166fa   0x080166fa   0x00000251   Data   RO         1777    .rodata.str1.1      dhcp.o
    0x0801694b   0x0801694b   0x0000022d   Data   RO         1824    .rodata.str1.1      etharp.o
    0x08016b78   0x08016b78   0x000000d4   Data   RO         1841    .rodata.str1.1      icmp.o
    0x08016c4c   0x08016c4c   0x00000086   Data   RO         1882    .rodata.str1.1      mem.o
    0x08016cd2   0x08016cd2   0x000000f1   Data   RO         1906    .rodata.str1.1      memp.o
    0x08016dc3   0x08016dc3   0x000000e9   Data   RO         2003    .rodata.str1.1      netif.o
    0x08016eac   0x08016eac   0x000002cd   Data   RO         2084    .rodata.str1.1      pbuf.o
    0x08017179   0x08017179   0x00000511   Data   RO         2197    .rodata.str1.1      tcp.o
    0x0801768a   0x0801768a   0x000003e1   Data   RO         2234    .rodata.str1.1      tcp_in.o
    0x08017a6b   0x08017a6b   0x000006ed   Data   RO         2310    .rodata.str1.1      tcp_out.o
    0x08018158   0x08018158   0x000000c7   Data   RO         2341    .rodata.str1.1      timeouts.o
    0x0801821f   0x0801821f   0x000000fe   Data   RO         2385    .rodata.str1.1      udp.o
    0x0801831d   0x0801831d   0x0000000d   Data   RO         2464    .rodata.str1.1      main.o
    0x0801832a   0x0801832a   0x0000004d   Data   RO         2525    .rodata.str1.1      ethernetif.o
    0x08018377   0x08018377   0x0000000d   Data   RO         2203    .rodata.tcp_backoff  tcp.o
    0x08018384   0x08018384   0x00000010   Data   RO         2196    .rodata.tcp_pcb_lists  tcp.o
    0x08018394   0x08018394   0x00000007   Data   RO         2202    .rodata.tcp_persist_backoff  tcp.o
    0x0801839b   0x0801839b   0x00000001   PAD
    0x0801839c   0x0801839c   0x00000020   Data   RO         2734    Region$$Table       anon$$obj.o


    Execution Region RW_IRAM1 (Exec base: 0x20000000, Load base: 0x080183c0, Size: 0x00007780, Max: 0x00030000, ABSOLUTE)

    Exec Addr    Load Addr    Size         Type   Attr      Idx    E Section Name        Object

    0x20000000   0x080183c0   0x00000004   Data   RW         2681    .data               mc_w.l(stdout.o)
    0x20000004   0x080183c4   0x00000004   Data   RW         2697    .data               mc_w.l(mvars.o)
    0x20000008   0x080183c8   0x00000004   Data   RW         2698    .data               mc_w.l(mvars.o)
    0x2000000c   0x080183cc   0x00000008   Data   RW         1102    .data.Font16FLASH   fontsFLASH.o
    0x20000014   0x080183d4   0x00000004   Data   RW           75    .data.SystemCoreClock  system_stm32f4xx.o
    0x20000018   0x080183d8   0x00000004   Data   RW         1385    .data.crd           lcd.o
    0x2000001c   0x080183dc   0x00000001   Data   RW         2461    .data.currentState  main.o
    0x2000001d   0x080183dd   0x00000003   PAD
    0x20000020   0x080183e0   0x00000004   Data   RW         1783    .data.dhcp_create_msg.xid  dhcp.o
    0x20000024   0x080183e4   0x00000003   Data   RW         1779    .data.dhcp_discover_request_options  dhcp.o
    0x20000027   0x080183e7   0x00000001   PAD
    0x20000028   0x080183e8   0x00000004   Data   RW         1386    .data.fontHeight    lcd.o
    0x2000002c   0x080183ec   0x00000004   Data   RW         1384    .data.fontWidth     lcd.o
    0x20000030   0x080183f0   0x00000004   Data   RW         1387    .data.lcdFont       lcd.o
    0x20000034   0x080183f4   0x00000004   Data   RW         1383    .data.lcdmaxx       lcd.o
    0x20000038   0x080183f8   0x00000004   Data   RW         1389    .data.lcdmaxy       lcd.o
    0x2000003c   0x080183fc   0x00000004   Data   RW         2524    .data.packageAvailableBinSem  ethernetif.o
    0x20000040   0x08018400   0x00000004   Data   RW         1255    .data.save_restore_AltFn_SPI1_MOSI_Pin.saved_AF  LCD_SPI.o
    0x20000044   0x08018404   0x00000030   Data   RW         2463    .data.taskList      main.o
    0x20000074   0x08018434   0x00000004   Data   RW         2204    .data.tcp_next_iss.iss  tcp.o
    0x20000078   0x08018438   0x00000002   Data   RW         2387    .data.udp_port      udp.o
    0x2000007a   0x0801843a   0x00000001   Data   RW          332    .data.uwTickFreq    stm32f4xx_hal.o
    0x2000007b   0x0801843b   0x00000001   PAD
    0x2000007c   0x0801843c   0x00000004   Data   RW          331    .data.uwTickPrio    stm32f4xx_hal.o
    0x20000080        -       0x000000a0   Zero   RW         2527    .bss.DMARxDscrTab   ethernetif.o
    0x20000120        -       0x000000a0   Zero   RW         2528    .bss.DMATxDscrTab   ethernetif.o
    0x200001c0        -       0x00000048   Zero   RW         2526    .bss.EthHandle      ethernetif.o
    0x20000208        -       0x00001dc4   Zero   RW         2529    .bss.Rx_Buff        ethernetif.o
    0x20001fcc        -       0x00001dc4   Zero   RW         2530    .bss.Tx_Buff        ethernetif.o
    0x20003d90        -       0x00000014   Zero   RW         1551    .bss.USART3_Info    USART_STM32F4xx.o
    0x20003da4        -       0x00000024   Zero   RW         1552    .bss.USART3_TransferInfo  USART_STM32F4xx.o
    0x20003dc8        -       0x00000004   Zero   RW         2240    .bss.ackno          tcp_in.o
    0x20003dcc        -       0x000000f0   Zero   RW         1823    .bss.arp_table      etharp.o
    0x20003ebc        -       0x00000004   Zero   RW         2462    .bss.currentTime    main.o
    0x20003ec0        -       0x00000004   Zero   RW         2343    .bss.current_timeout_due_time  timeouts.o
    0x20003ec4        -       0x00000004   Zero   RW         1778    .bss.dhcp_pcb       dhcp.o
    0x20003ec8        -       0x00000001   Zero   RW         1780    .bss.dhcp_pcb_refcount  dhcp.o
    0x20003ec9        -       0x00000008   Zero   RW         1781    .bss.dhcp_rx_options_given  dhcp.o
    0x20003ed1   0x08018440   0x00000003   PAD
    0x20003ed4        -       0x00000020   Zero   RW         1782    .bss.dhcp_rx_options_val  dhcp.o
    0x20003ef4        -       0x00000001   Zero   RW         1825    .bss.etharp_cached_entry  etharp.o
    0x20003ef5        -       0x00000001   Zero   RW         2241    .bss.flags          tcp_in.o
    0x20003ef6   0x08018440   0x00000002   PAD
    0x20003ef8        -       0x00000040   Zero   RW         1286    .bss.htim4          LCD_TIM.o
    0x20003f38        -       0x00000010   Zero   RW         2243    .bss.inseg          tcp_in.o
    0x20003f48        -       0x00000018   Zero   RW         1610    .bss.ip_data        ip.o
    0x20003f60        -       0x00000002   Zero   RW         1602    .bss.ip_id          ip4.o
    0x20003f62        -       0x00000002   Zero   RW         1664    .bss.ip_reass_pbufcount  ip4_frag.o
    0x20003f64        -       0x00000044   Zero   RW         2488    .bss.its_brd_netif  lwip_interface.o
    0x20003fa8        -       0x00000002   Zero   RW         1388    .bss.lcdColor       lcd.o
    0x20003faa   0x08018440   0x00000002   PAD
    0x20003fac        -       0x000000cc   Zero   RW         2440    .bss.lwip_stats     stats.o
    0x20004078        -       0x0000016b   Zero   RW         1928    .bss.memp_memory_FRAG_PBUF_base  memp.o
    0x200041e3        -       0x00002103   Zero   RW         1940    .bss.memp_memory_PBUF_POOL_base  memp.o
    0x200062e6        -       0x000000a3   Zero   RW         1936    .bss.memp_memory_PBUF_base  memp.o
    0x20006389        -       0x000000a3   Zero   RW         1924    .bss.memp_memory_REASSDATA_base  memp.o
    0x2000642c        -       0x000000a3   Zero   RW         1932    .bss.memp_memory_SYS_TIMEOUT_base  memp.o
    0x200064cf        -       0x0000008f   Zero   RW         1916    .bss.memp_memory_TCP_PCB_LISTEN_base  memp.o
    0x2000655e        -       0x0000035f   Zero   RW         1912    .bss.memp_memory_TCP_PCB_base  memp.o
    0x200068bd        -       0x000000c3   Zero   RW         1920    .bss.memp_memory_TCP_SEG_base  memp.o
    0x20006980        -       0x00000083   Zero   RW         1908    .bss.memp_memory_UDP_PCB_base  memp.o
    0x20006a03   0x08018440   0x00000001   PAD
    0x20006a04        -       0x00000018   Zero   RW         1927    .bss.memp_stats_FRAG_PBUF  memp.o
    0x20006a1c        -       0x00000018   Zero   RW         1935    .bss.memp_stats_PBUF  memp.o
    0x20006a34        -       0x00000018   Zero   RW         1939    .bss.memp_stats_PBUF_POOL  memp.o
    0x20006a4c        -       0x00000018   Zero   RW         1923    .bss.memp_stats_REASSDATA  memp.o
    0x20006a64        -       0x00000018   Zero   RW         1931    .bss.memp_stats_SYS_TIMEOUT  memp.o
    0x20006a7c        -       0x00000018   Zero   RW         1911    .bss.memp_stats_TCP_PCB  memp.o
    0x20006a94        -       0x00000018   Zero   RW         1915    .bss.memp_stats_TCP_PCB_LISTEN  memp.o
    0x20006aac        -       0x00000018   Zero   RW         1919    .bss.memp_stats_TCP_SEG  memp.o
    0x20006ac4        -       0x00000018   Zero   RW         1907    .bss.memp_stats_UDP_PCB  memp.o
    0x20006adc        -       0x00000004   Zero   RW         1929    .bss.memp_tab_FRAG_PBUF  memp.o
    0x20006ae0        -       0x00000004   Zero   RW         1937    .bss.memp_tab_PBUF  memp.o
    0x20006ae4        -       0x00000004   Zero   RW         1941    .bss.memp_tab_PBUF_POOL  memp.o
    0x20006ae8        -       0x00000004   Zero   RW         1925    .bss.memp_tab_REASSDATA  memp.o
    0x20006aec        -       0x00000004   Zero   RW         1933    .bss.memp_tab_SYS_TIMEOUT  memp.o
    0x20006af0        -       0x00000004   Zero   RW         1913    .bss.memp_tab_TCP_PCB  memp.o
    0x20006af4        -       0x00000004   Zero   RW         1917    .bss.memp_tab_TCP_PCB_LISTEN  memp.o
    0x20006af8        -       0x00000004   Zero   RW         1921    .bss.memp_tab_TCP_SEG  memp.o
    0x20006afc        -       0x00000004   Zero   RW         1909    .bss.memp_tab_UDP_PCB  memp.o
    0x20006b00        -       0x00000004   Zero   RW         2006    .bss.netif_default  netif.o
    0x20006b04        -       0x00000004   Zero   RW         2005    .bss.netif_list     netif.o
    0x20006b08        -       0x00000001   Zero   RW         2004    .bss.netif_num      netif.o
    0x20006b09   0x08018440   0x00000003   PAD
    0x20006b0c        -       0x00000004   Zero   RW         2342    .bss.next_timeout   timeouts.o
    0x20006b10        -       0x00000004   Zero   RW         1663    .bss.reassdatagrams  ip4_frag.o
    0x20006b14        -       0x00000004   Zero   RW         2246    .bss.recv_acked     tcp_in.o
    0x20006b18        -       0x00000004   Zero   RW         2244    .bss.recv_data      tcp_in.o
    0x20006b1c        -       0x00000001   Zero   RW         2245    .bss.recv_flags     tcp_in.o
    0x20006b1d   0x08018440   0x00000003   PAD
    0x20006b20        -       0x00000018   Zero   RW         1227    .bss.sTP_DEV        LCD_Touch.o
    0x20006b38        -       0x00000004   Zero   RW         2239    .bss.seqno          tcp_in.o
    0x20006b3c        -       0x00000004   Zero   RW         2194    .bss.tcp_active_pcbs  tcp.o
    0x20006b40        -       0x00000001   Zero   RW         2199    .bss.tcp_active_pcbs_changed  tcp.o
    0x20006b41   0x08018440   0x00000003   PAD
    0x20006b44        -       0x00000004   Zero   RW         2193    .bss.tcp_bound_pcbs  tcp.o
    0x20006b48        -       0x00000004   Zero   RW         2247    .bss.tcp_input_pcb  tcp_in.o
    0x20006b4c        -       0x00000004   Zero   RW         2192    .bss.tcp_listen_pcbs  tcp.o
    0x20006b50        -       0x00000002   Zero   RW         2248    .bss.tcp_optidx     tcp_in.o
    0x20006b52   0x08018440   0x00000002   PAD
    0x20006b54        -       0x00000004   Zero   RW         2200    .bss.tcp_ticks      tcp.o
    0x20006b58        -       0x00000001   Zero   RW         2198    .bss.tcp_timer      tcp.o
    0x20006b59        -       0x00000001   Zero   RW         2201    .bss.tcp_timer_ctr  tcp.o
    0x20006b5a   0x08018440   0x00000002   PAD
    0x20006b5c        -       0x00000004   Zero   RW         2195    .bss.tcp_tw_pcbs    tcp.o
    0x20006b60        -       0x00000004   Zero   RW         2235    .bss.tcphdr         tcp_in.o
    0x20006b64        -       0x00000002   Zero   RW         2238    .bss.tcphdr_opt1len  tcp_in.o
    0x20006b66   0x08018440   0x00000002   PAD
    0x20006b68        -       0x00000004   Zero   RW         2237    .bss.tcphdr_opt2    tcp_in.o
    0x20006b6c        -       0x00000002   Zero   RW         2236    .bss.tcphdr_optlen  tcp_in.o
    0x20006b6e   0x08018440   0x00000002   PAD
    0x20006b70        -       0x00000004   Zero   RW         2340    .bss.tcpip_tcp_timer_active  timeouts.o
    0x20006b74        -       0x00000002   Zero   RW         2242    .bss.tcplen         tcp_in.o
    0x20006b76   0x08018440   0x00000002   PAD
    0x20006b78        -       0x00000004   Zero   RW         2386    .bss.udp_pcbs       udp.o
    0x20006b7c        -       0x00000004   Zero   RW          333    .bss.uwTick         stm32f4xx_hal.o
    0x20006b80        -       0x00000800   Zero   RW           62    HEAP                startup_stm32f429xx.o
    0x20007380        -       0x00000400   Zero   RW           61    STACK               startup_stm32f429xx.o


==============================================================================

Image component sizes


      Code (inc. data)   RO Data    RW Data    ZI Data      Debug   Object Name

       178          0         28          0          0       1148   LCD_Debug.o
      1254          0        103          0          0       4515   LCD_Driver.o
       422          0          0          0          0       2649   LCD_GPIO.o
      1022          0         72          0          0       6661   LCD_GUI.o
       612          0         72          4          0       5409   LCD_SPI.o
       368          0         72          0         64       6105   LCD_TIM.o
       410          0          0          0          0       3057   LCD_Tools.o
        92          0          0          0         24       6400   LCD_Touch.o
      8678         52        132          0         56      22461   USART_STM32F4xx.o
      1366          0        127          0          0       6284   acd.o
        48          0          0          0          0       3412   def.o
      7696         60        593          7         45      19838   dhcp.o
       232          0          0          0          0       2384   error.o
      4878          0        557          0        241      11385   etharp.o
       546          0        168          0          0       3682   ethernet.o
      1532          0         77          4      15632      13442   ethernetif.o
         0          0          0          8          0       1846   fontsFLASH.o
      1142          0        212          0          0       5304   icmp.o
       290          0          0          0          0       4273   inet_chksum.o
       524          0          0          0          0       3843   init.o
        48          0          0          0          0        543   init.o
         0          0          0          0         24       2655   ip.o
      1894          0        123          0          2       6374   ip4.o
       132          0          8          0          0       4802   ip4_addr.o
      4030          0        460          0          6      10104   ip4_frag.o
       620          0          0         24          2       3833   lcd.o
        20          0          0          0          0       1234   led.o
       220          0          0          0         68       4650   lwip_interface.o
       400          4         77         49          4       2423   main.o
       236          0        134          0          0       1771   mem.o
       566          0        457          0      10887       5301   memp.o
      1536          0        233          0          9       8925   netif.o
      3906          0        717          0          0      13675   pbuf.o
        36          8        428          0       3072        980   startup_stm32f429xx.o
         2          0          0          0        204       3180   stats.o
       174          0          0          0          0       1513   stdinout_USART.o
       264          0          0          5          4       7866   stm32f4xx_hal.o
       558          0          0          0          0       9927   stm32f4xx_hal_cortex.o
       234          0          0          0          0       8798   stm32f4xx_hal_dma.o
      3978          0          0          0          0      16096   stm32f4xx_hal_eth.o
      1754          0          0          0          0       5515   stm32f4xx_hal_gpio.o
       190          0          0          0          0       4771   stm32f4xx_hal_pwr_ex.o
      2586          0          0          0          0       8052   stm32f4xx_hal_rcc.o
      1888         14          0          0          0      31870   stm32f4xx_hal_tim.o
       290          0          0          0          0      13124   stm32f4xx_hal_tim_ex.o
        48          0          0          0          0       4835   stm32f4xx_it.o
         8          0          0          0          0        704   sys_arch.o
       110          0         24          4          0       2828   system_stm32f4xx.o
      7032          0       1333          4         23      21263   tcp.o
     10260         20        993          0         54      13835   tcp_in.o
      7366          0       1773          0          0      17952   tcp_out.o
       834          0        247          0         12       4476   timeouts.o
      2760          0        254          2          4       9595   udp.o

    ----------------------------------------------------------------------
     85644        158       9508        116      30464     387568   Object Totals
         0          0         32          0          0          0   (incl. Generated)
       374          0          2          5         27          0   (incl. Padding)

    ----------------------------------------------------------------------

      Code (inc. data)   RO Data    RW Data    ZI Data      Debug   Library Member Name

         0          0          0          0          0          0   entry.o
         0          0          0          0          0          0   entry10a.o
         0          0          0          0          0          0   entry11a.o
         8          4          0          0          0          0   entry2.o
         4          0          0          0          0          0   entry5.o
         0          0          0          0          0          0   entry7b.o
         0          0          0          0          0          0   entry8b.o
         8          4          0          0          0          0   entry9a.o
        18          0          0          0          0         80   fputc.o
        30          0          0          0          0          0   handlers.o
        48         10          0          0          0         68   init.o
         0          0          0          0          0          0   iusefp.o
         0          0          0          0          0          0   iusesemip.o
        98          0          0          0          0         84   ldiv.o
        30          0          0          0          0         68   llshl.o
        36          0          0          0          0         68   llsshr.o
        32          0          0          0          0         68   llushr.o
       188         20          0          0          0        160   malloc.o
        26          0          0          0          0         80   memcmp.o
        64          0          0          0          0         76   memmovea.o
        36          0          0          0          0        108   memseta.o
         0          0          0          8          0          0   mvars.o
      2258         90          0          0          0        452   printfa.o
         0          0          0          0          0          0   semi.o
         0          0          0          4          0          0   stdout.o
        14          0          0          0          0         68   strlen.o
        44          0          0          0          0         80   uidiv.o
        98          0          0          0          0         92   uldiv.o
        48          0          0          0          0         68   cdrcmple.o
       334          0          0          0          0        148   dadd.o
       222          0          0          0          0        100   ddiv.o
       186          0          0          0          0        176   depilogue.o
        48          0          0          0          0         68   dfixul.o
       228          0          0          0          0         96   dmul.o

    ----------------------------------------------------------------------
      4108        128          0         12          0       2208   Library Totals
         2          0          0          0          0          0   (incl. Padding)

    ----------------------------------------------------------------------

      Code (inc. data)   RO Data    RW Data    ZI Data      Debug   Library Name

      3040        128          0         12          0       1552   mc_w.l
      1066          0          0          0          0        656   mf_w.l

    ----------------------------------------------------------------------
      4108        128          0         12          0       2208   Library Totals

    ----------------------------------------------------------------------

==============================================================================


      Code (inc. data)   RO Data    RW Data    ZI Data      Debug   

     89752        286       9508        128      30464     387856   Grand Totals
     89752        286       9508        128      30464     387856   ELF Image Totals
     89752        286       9508        128          0          0   ROM Totals

==============================================================================

    Total RO  Size (Code + RO Data)                99260 (  96.93kB)
    Total RW  Size (RW Data + ZI Data)             30592 (  29.88kB)
    Total ROM Size (Code + RO Data + RW Data)      99388 (  97.06kB)

==============================================================================

